Component: Arm Compiler for Embedded 6.19 Tool: armlink [5e73cb00]

==============================================================================

Section Cross References

    startup_stm32f103xb.o(STACK) refers (Special) to heapauxi.o(.text) for __use_two_region_memory
    startup_stm32f103xb.o(HEAP) refers (Special) to heapauxi.o(.text) for __use_two_region_memory
    startup_stm32f103xb.o(RESET) refers (Special) to heapauxi.o(.text) for __use_two_region_memory
    startup_stm32f103xb.o(RESET) refers to startup_stm32f103xb.o(STACK) for __initial_sp
    startup_stm32f103xb.o(RESET) refers to startup_stm32f103xb.o(.text) for Reset_Handler
    startup_stm32f103xb.o(RESET) refers to stm32f1xx_it.o(.text.NMI_Handler) for NMI_Handler
    startup_stm32f103xb.o(RESET) refers to stm32f1xx_it.o(.text.HardFault_Handler) for HardFault_Handler
    startup_stm32f103xb.o(RESET) refers to stm32f1xx_it.o(.text.MemManage_Handler) for MemManage_Handler
    startup_stm32f103xb.o(RESET) refers to stm32f1xx_it.o(.text.BusFault_Handler) for BusFault_Handler
    startup_stm32f103xb.o(RESET) refers to stm32f1xx_it.o(.text.UsageFault_Handler) for UsageFault_Handler
    startup_stm32f103xb.o(RESET) refers to stm32f1xx_it.o(.text.SVC_Handler) for SVC_Handler
    startup_stm32f103xb.o(RESET) refers to stm32f1xx_it.o(.text.DebugMon_Handler) for DebugMon_Handler
    startup_stm32f103xb.o(RESET) refers to stm32f1xx_it.o(.text.PendSV_Handler) for PendSV_Handler
    startup_stm32f103xb.o(RESET) refers to stm32f1xx_it.o(.text.SysTick_Handler) for SysTick_Handler
    startup_stm32f103xb.o(RESET) refers to stm32f1xx_it.o(.text.TIM2_IRQHandler) for TIM2_IRQHandler
    startup_stm32f103xb.o(.text) refers (Special) to heapauxi.o(.text) for __use_two_region_memory
    startup_stm32f103xb.o(.text) refers to system_stm32f1xx.o(.text.SystemInit) for SystemInit
    startup_stm32f103xb.o(.text) refers to __main.o(!!!main) for __main
    startup_stm32f103xb.o(.text) refers to startup_stm32f103xb.o(HEAP) for Heap_Mem
    startup_stm32f103xb.o(.text) refers to startup_stm32f103xb.o(STACK) for Stack_Mem
    main.o(.text.ReadButton) refers to stm32f1xx_hal_gpio.o(.text.HAL_GPIO_ReadPin) for HAL_GPIO_ReadPin
    main.o(.ARM.exidx.text.ReadButton) refers to main.o(.text.ReadButton) for [Anonymous Symbol]
    main.o(.text.HAL_TIM_PeriodElapsedCallback) refers to segment.o(.text.Segment_Process) for Segment_Process
    main.o(.ARM.exidx.text.HAL_TIM_PeriodElapsedCallback) refers to main.o(.text.HAL_TIM_PeriodElapsedCallback) for [Anonymous Symbol]
    main.o(.text.main) refers to stm32f1xx_hal.o(.text.HAL_Init) for HAL_Init
    main.o(.text.main) refers to main.o(.text.SystemClock_Config) for SystemClock_Config
    main.o(.text.main) refers to gpio.o(.text.MX_GPIO_Init) for MX_GPIO_Init
    main.o(.text.main) refers to rtc.o(.text.MX_RTC_Init) for MX_RTC_Init
    main.o(.text.main) refers to tim.o(.text.MX_TIM2_Init) for MX_TIM2_Init
    main.o(.text.main) refers to segment.o(.text.Segment_Init) for Segment_Init
    main.o(.text.main) refers to clock_manager.o(.text.ClockManager_Init) for ClockManager_Init
    main.o(.text.main) refers to menu.o(.text.Menu_Init) for Menu_Init
    main.o(.text.main) refers to tim.o(.bss.htim2) for htim2
    main.o(.text.main) refers to stm32f1xx_hal_tim.o(.text.HAL_TIM_Base_Start_IT) for HAL_TIM_Base_Start_IT
    main.o(.text.main) refers to menu.o(.text.Menu_Process) for Menu_Process
    main.o(.ARM.exidx.text.main) refers to main.o(.text.main) for [Anonymous Symbol]
    main.o(.text.SystemClock_Config) refers to rt_memclr_w.o(.text) for __aeabi_memclr4
    main.o(.text.SystemClock_Config) refers to stm32f1xx_hal_rcc.o(.text.HAL_RCC_OscConfig) for HAL_RCC_OscConfig
    main.o(.text.SystemClock_Config) refers to main.o(.text.Error_Handler) for Error_Handler
    main.o(.text.SystemClock_Config) refers to stm32f1xx_hal_rcc.o(.text.HAL_RCC_ClockConfig) for HAL_RCC_ClockConfig
    main.o(.text.SystemClock_Config) refers to stm32f1xx_hal_rcc_ex.o(.text.HAL_RCCEx_PeriphCLKConfig) for HAL_RCCEx_PeriphCLKConfig
    main.o(.ARM.exidx.text.SystemClock_Config) refers to main.o(.text.SystemClock_Config) for [Anonymous Symbol]
    main.o(.ARM.exidx.text.Error_Handler) refers to main.o(.text.Error_Handler) for [Anonymous Symbol]
    gpio.o(.text.MX_GPIO_Init) refers to stm32f1xx_hal_gpio.o(.text.HAL_GPIO_WritePin) for HAL_GPIO_WritePin
    gpio.o(.text.MX_GPIO_Init) refers to stm32f1xx_hal_gpio.o(.text.HAL_GPIO_Init) for HAL_GPIO_Init
    gpio.o(.ARM.exidx.text.MX_GPIO_Init) refers to gpio.o(.text.MX_GPIO_Init) for [Anonymous Symbol]
    rtc.o(.text.MX_RTC_Init) refers to rtc.o(.bss.hrtc) for hrtc
    rtc.o(.text.MX_RTC_Init) refers to stm32f1xx_hal_rtc.o(.text.HAL_RTC_Init) for HAL_RTC_Init
    rtc.o(.text.MX_RTC_Init) refers to main.o(.text.Error_Handler) for Error_Handler
    rtc.o(.ARM.exidx.text.MX_RTC_Init) refers to rtc.o(.text.MX_RTC_Init) for [Anonymous Symbol]
[...]
    Removing stm32f1xx_hal_tim_ex.o(.ARM.exidx.text.TIMEx_DMACommutationCplt), (8 bytes).
    Removing stm32f1xx_hal_tim_ex.o(.text.TIMEx_DMACommutationHalfCplt), (30 bytes).
    Removing stm32f1xx_hal_tim_ex.o(.ARM.exidx.text.TIMEx_DMACommutationHalfCplt), (8 bytes).
    Removing stm32f1xx_hal_tim_ex.o(.ARM.exidx.text.HAL_TIMEx_MasterConfigSynchronization), (8 bytes).
    Removing stm32f1xx_hal_tim_ex.o(.text.HAL_TIMEx_ConfigBreakDeadTime), (178 bytes).
    Removing stm32f1xx_hal_tim_ex.o(.ARM.exidx.text.HAL_TIMEx_ConfigBreakDeadTime), (8 bytes).
    Removing stm32f1xx_hal_tim_ex.o(.text.HAL_TIMEx_RemapConfig), (12 bytes).
    Removing stm32f1xx_hal_tim_ex.o(.ARM.exidx.text.HAL_TIMEx_RemapConfig), (8 bytes).
    Removing stm32f1xx_hal_tim_ex.o(.ARM.exidx.text.HAL_TIMEx_CommutCallback), (8 bytes).
    Removing stm32f1xx_hal_tim_ex.o(.text.HAL_TIMEx_CommutHalfCpltCallback), (8 bytes).
    Removing stm32f1xx_hal_tim_ex.o(.ARM.exidx.text.HAL_TIMEx_CommutHalfCpltCallback), (8 bytes).
    Removing stm32f1xx_hal_tim_ex.o(.ARM.exidx.text.HAL_TIMEx_BreakCallback), (8 bytes).
    Removing stm32f1xx_hal_tim_ex.o(.text.HAL_TIMEx_HallSensor_GetState), (14 bytes).
    Removing stm32f1xx_hal_tim_ex.o(.ARM.exidx.text.HAL_TIMEx_HallSensor_GetState), (8 bytes).
    Removing stm32f1xx_hal_tim_ex.o(.text.HAL_TIMEx_GetChannelNState), (94 bytes).
    Removing stm32f1xx_hal_tim_ex.o(.ARM.exidx.text.HAL_TIMEx_GetChannelNState), (8 bytes).
    Removing system_stm32f1xx.o(.text), (0 bytes).
    Removing system_stm32f1xx.o(.ARM.exidx.text.SystemInit), (8 bytes).
    Removing system_stm32f1xx.o(.text.SystemCoreClockUpdate), (290 bytes).
    Removing system_stm32f1xx.o(.ARM.exidx.text.SystemCoreClockUpdate), (8 bytes).
    Removing clock_manager.o(.text), (0 bytes).
    Removing clock_manager.o(.ARM.exidx.text.ClockManager_Init), (8 bytes).
    Removing clock_manager.o(.ARM.exidx.text.LoadDuty), (8 bytes).
    Removing clock_manager.o(.ARM.exidx.text.ClockManager_ResetTime), (8 bytes).
    Removing clock_manager.o(.ARM.exidx.text.ClockManager_GetTime), (8 bytes).
    Removing clock_manager.o(.ARM.exidx.text.ClockManager_SetTime), (8 bytes).
    Removing clock_manager.o(.ARM.exidx.text.ClockManager_GetDuty), (8 bytes).
    Removing clock_manager.o(.ARM.exidx.text.ClockManager_SetDuty), (8 bytes).
    Removing clock_manager.o(.ARM.exidx.text.SaveDuty), (8 bytes).
    Removing menu.o(.text), (0 bytes).
    Removing menu.o(.ARM.exidx.text.Menu_Init), (8 bytes).
    Removing menu.o(.ARM.exidx.text.Menu_Process), (8 bytes).
    Removing menu.o(.ARM.exidx.text.UpdateDisplay), (8 bytes).
    Removing menu.o(.ARM.exidx.text.ProcessButton), (8 bytes).
    Removing menu.o(.text.Menu_GetState), (12 bytes).
    Removing menu.o(.ARM.exidx.text.Menu_GetState), (8 bytes).
    Removing menu.o(.ARM.exidx.text.FormatTime), (8 bytes).
    Removing menu.o(.ARM.exidx.text.IncreaseTimeDigit), (8 bytes).
    Removing menu.o(.ARM.exidx.text.DecreaseTimeDigit), (8 bytes).
    Removing menu.o(.rodata..L__const.UpdateDisplay.buf), (6 bytes).
    Removing segment.o(.text), (0 bytes).
    Removing segment.o(.ARM.exidx.text.DisableAllDigits), (8 bytes).
    Removing segment.o(.ARM.exidx.text.EnableDigit), (8 bytes).
    Removing segment.o(.ARM.exidx.text.Segment_Init), (8 bytes).
    Removing segment.o(.ARM.exidx.text.NextDigit), (8 bytes).
    Removing segment.o(.text.Segment_SetChar), (52 bytes).
    Removing segment.o(.ARM.exidx.text.Segment_SetChar), (8 bytes).
    Removing segment.o(.ARM.exidx.text.GetCharMask), (8 bytes).
    Removing segment.o(.text.Segment_SetRaw), (46 bytes).
    Removing segment.o(.ARM.exidx.text.Segment_SetRaw), (8 bytes).
    Removing segment.o(.ARM.exidx.text.Segment_SetString), (8 bytes).
    Removing segment.o(.ARM.exidx.text.Segment_SetBrightness), (8 bytes).
    Removing segment.o(.ARM.exidx.text.Segment_Process), (8 bytes).
    Removing segment.o(.ARM.exidx.text.UpdateOneDigit), (8 bytes).
    Removing segment.o(.ARM.exidx.text.SetSegments), (8 bytes).

740 unused section(s) (total 49268 bytes) removed from the image.

==============================================================================

Image Symbol Table

    Local Symbols

    Symbol Name                              Value     Ov Type        Size  Object(Section)

    ../clib/angel/boardlib.s                 0x00000000   Number         0  boardinit1.o ABSOLUTE
    ../clib/angel/boardlib.s                 0x00000000   Number         0  boardinit2.o ABSOLUTE
    ../clib/angel/boardlib.s                 0x00000000   Number         0  boardinit3.o ABSOLUTE
    ../clib/angel/boardlib.s                 0x00000000   Number         0  boardshut.o ABSOLUTE
    ../clib/angel/handlers.s                 0x00000000   Number         0  __scatter_copy.o ABSOLUTE
    ../clib/angel/handlers.s                 0x00000000   Number         0  __scatter_zi.o ABSOLUTE
    ../clib/angel/kernel.s                   0x00000000   Number         0  __rtentry.o ABSOLUTE
    ../clib/angel/kernel.s                   0x00000000   Number         0  __rtentry2.o ABSOLUTE
    ../clib/angel/kernel.s                   0x00000000   Number         0  __rtentry4.o ABSOLUTE
    ../clib/angel/kernel.s                   0x00000000   Number         0  rtexit.o ABSOLUTE
    ../clib/angel/kernel.s                   0x00000000   Number         0  rtexit2.o ABSOLUTE
    ../clib/angel/rt.s                       0x00000000   Number         0  rt_raise.o ABSOLUTE
    ../clib/angel/scatter.s                  0x00000000   Number         0  __scatter.o ABSOLUTE
    ../clib/angel/startup.s                  0x00000000   Number         0  __main.o ABSOLUTE
    ../clib/angel/sys.s                      0x00000000   Number         0  sys_stackheap_outer.o ABSOLUTE
    ../clib/angel/sys.s                      0x00000000   Number         0  libspace.o ABSOLUTE
    ../clib/angel/sys.s                      0x00000000   Number         0  use_no_semi.o ABSOLUTE
    ../clib/angel/sys.s                      0x00000000   Number         0  indicate_semi.o ABSOLUTE
    ../clib/angel/sysapp.c                   0x00000000   Number         0  sys_exit.o ABSOLUTE
    ../clib/angel/sysapp.c                   0x00000000   Number         0  sys_exit_hlt.o ABSOLUTE
    ../clib/angel/sysapp.c                   0x00000000   Number         0  sys_command.o ABSOLUTE
    ../clib/angel/sysapp.c                   0x00000000   Number         0  sys_command_hlt.o ABSOLUTE
    ../clib/angel/sysapp.c                   0x00000000   Number         0  sys_wrch.o ABSOLUTE
    ../clib/angel/sysapp.c                   0x00000000   Number         0  sys_wrch_hlt.o ABSOLUTE
    ../clib/armsys.c                         0x00000000   Number         0  argv_veneer.o ABSOLUTE
    ../clib/armsys.c                         0x00000000   Number         0  argv_veneer.o ABSOLUTE
    ../clib/armsys.c                         0x00000000   Number         0  _get_argv_nomalloc.o ABSOLUTE
    ../clib/armsys.c                         0x00000000   Number         0  no_argv.o ABSOLUTE
    ../clib/heapalloc.c                      0x00000000   Number         0  hrguard.o ABSOLUTE
    ../clib/heapaux.c                        0x00000000   Number         0  heapauxi.o ABSOLUTE
    ../clib/libinit.s                        0x00000000   Number         0  libinit.o ABSOLUTE
    ../clib/libinit.s                        0x00000000   Number         0  libinit2.o ABSOLUTE
    ../clib/libinit.s                        0x00000000   Number         0  libshutdown.o ABSOLUTE
    ../clib/libinit.s                        0x00000000   Number         0  libshutdown2.o ABSOLUTE
    ../clib/memcpset.s                       0x00000000   Number         0  rt_memclr_w.o ABSOLUTE
    ../clib/signal.c                         0x00000000   Number         0  defsig_rtmem_outer.o ABSOLUTE
    ../clib/signal.c                         0x00000000   Number         0  defsig_rtmem_formal.o ABSOLUTE
    ../clib/signal.c                         0x00000000   Number         0  defsig_exit.o ABSOLUTE
    ../clib/signal.c                         0x00000000   Number         0  defsig_rtmem_inner.o ABSOLUTE
    ../clib/signal.c                         0x00000000   Number         0  __raise.o ABSOLUTE
    ../clib/signal.c                         0x00000000   Number         0  defsig_general.o ABSOLUTE
    ../clib/signal.c                         0x00000000   Number         0  defsig_abrt_inner.o ABSOLUTE
    ../clib/signal.c                         0x00000000   Number         0  defsig_fpe_inner.o ABSOLUTE
    ../clib/signal.c                         0x00000000   Number         0  defsig_rtred_inner.o ABSOLUTE
    ../clib/signal.c                         0x00000000   Number         0  defsig_stak_inner.o ABSOLUTE
    ../clib/signal.c                         0x00000000   Number         0  defsig_pvfn_inner.o ABSOLUTE
    ../clib/signal.c                         0x00000000   Number         0  defsig_cppl_inner.o ABSOLUTE
    ../clib/signal.c                         0x00000000   Number         0  defsig_segv_inner.o ABSOLUTE
    ../clib/signal.c                         0x00000000   Number         0  defsig_other.o ABSOLUTE
    ../clib/signal.s                         0x00000000   Number         0  defsig.o ABSOLUTE
    ../clib/stdlib.c                         0x00000000   Number         0  exit.o ABSOLUTE
    ../fplib/fpinit.s                        0x00000000   Number         0  fpinit.o ABSOLUTE
    ../fplib/fpinit_empty.s                  0x00000000   Number         0  fpinit_empty.o ABSOLUTE
    clock_manager.c                          0x00000000   Number         0  clock_manager.o ABSOLUTE
    dc.s                                     0x00000000   Number         0  dc.o ABSOLUTE
    gpio.c                                   0x00000000   Number         0  gpio.o ABSOLUTE
    main.c                                   0x00000000   Number         0  main.o ABSOLUTE
    menu.c                                   0x00000000   Number         0  menu.o ABSOLUTE
    rtc.c                                    0x00000000   Number         0  rtc.o ABSOLUTE
    segment.c                                0x00000000   Number         0  segment.o ABSOLUTE
    startup_stm32f103xb.s                    0x00000000   Number         0  startup_stm32f103xb.o ABSOLUTE
    stm32f1xx_hal.c                          0x00000000   Number         0  stm32f1xx_hal.o ABSOLUTE
    stm32f1xx_hal_cortex.c                   0x00000000   Number         0  stm32f1xx_hal_cortex.o ABSOLUTE
    stm32f1xx_hal_dma.c                      0x00000000   Number         0  stm32f1xx_hal_dma.o ABSOLUTE
    stm32f1xx_hal_exti.c                     0x00000000   Number         0  stm32f1xx_hal_exti.o ABSOLUTE
    stm32f1xx_hal_flash.c                    0x00000000   Number         0  stm32f1xx_hal_flash.o ABSOLUTE
    stm32f1xx_hal_flash_ex.c                 0x00000000   Number         0  stm32f1xx_hal_flash_ex.o ABSOLUTE
    stm32f1xx_hal_gpio.c                     0x00000000   Number         0  stm32f1xx_hal_gpio.o ABSOLUTE
    stm32f1xx_hal_gpio_ex.c                  0x00000000   Number         0  stm32f1xx_hal_gpio_ex.o ABSOLUTE
    stm32f1xx_hal_msp.c                      0x00000000   Number         0  stm32f1xx_hal_msp.o ABSOLUTE
    stm32f1xx_hal_pwr.c                      0x00000000   Number         0  stm32f1xx_hal_pwr.o ABSOLUTE
    stm32f1xx_hal_rcc.c                      0x00000000   Number         0  stm32f1xx_hal_rcc.o ABSOLUTE
    stm32f1xx_hal_rcc_ex.c                   0x00000000   Number         0  stm32f1xx_hal_rcc_ex.o ABSOLUTE
    stm32f1xx_hal_rtc.c                      0x00000000   Number         0  stm32f1xx_hal_rtc.o ABSOLUTE
    stm32f1xx_hal_rtc_ex.c                   0x00000000   Number         0  stm32f1xx_hal_rtc_ex.o ABSOLUTE
    stm32f1xx_hal_tim.c                      0x00000000   Number         0  stm32f1xx_hal_tim.o ABSOLUTE
    stm32f1xx_hal_tim_ex.c                   0x00000000   Number         0  stm32f1xx_hal_tim_ex.o ABSOLUTE
    stm32f1xx_it.c                           0x00000000   Number         0  stm32f1xx_it.o ABSOLUTE
    system_stm32f1xx.c                       0x00000000   Number         0  system_stm32f1xx.o ABSOLUTE
    tim.c                                    0x00000000   Number         0  tim.o ABSOLUTE
    RESET                                    0x08000000   Section      236  startup_stm32f103xb.o(RESET)
    !!!main                                  0x080000ec   Section        8  __main.o(!!!main)
    !!!scatter                               0x080000f4   Section       52  __scatter.o(!!!scatter)
    !!handler_copy                           0x08000128   Section       26  __scatter_copy.o(!!handler_copy)
    !!handler_zi                             0x08000144   Section       28  __scatter_zi.o(!!handler_zi)
    .ARM.Collect$$libinit$$00000000          0x08000160   Section        2  libinit.o(.ARM.Collect$$libinit$$00000000)
    .ARM.Collect$$libinit$$00000002          0x08000162   Section        0  libinit2.o(.ARM.Collect$$libinit$$00000002)
    .ARM.Collect$$libinit$$00000004          0x08000162   Section        0  libinit2.o(.ARM.Collect$$libinit$$00000004)
    .ARM.Collect$$libinit$$00000006          0x08000162   Section        0  libinit2.o(.ARM.Collect$$libinit$$00000006)
    .ARM.Collect$$libinit$$0000000C          0x08000162   Section        0  libinit2.o(.ARM.Collect$$libinit$$0000000C)
    .ARM.Collect$$libinit$$0000000E          0x08000162   Section        0  libinit2.o(.ARM.Collect$$libinit$$0000000E)
    .ARM.Collect$$libinit$$00000010          0x08000162   Section        0  libinit2.o(.ARM.Collect$$libinit$$00000010)
    .ARM.Collect$$libinit$$00000013          0x08000162   Section        0  libinit2.o(.ARM.Collect$$libinit$$00000013)
    .ARM.Collect$$libinit$$00000015          0x08000162   Section        0  libinit2.o(.ARM.Collect$$libinit$$00000015)
    .ARM.Collect$$libinit$$00000017          0x08000162   Section        0  libinit2.o(.ARM.Collect$$libinit$$00000017)
    .ARM.Collect$$libinit$$00000019          0x08000162   Section        0  libinit2.o(.ARM.Collect$$libinit$$00000019)
    .ARM.Collect$$libinit$$0000001B          0x08000162   Section        0  libinit2.o(.ARM.Collect$$libinit$$0000001B)
    .ARM.Collect$$libinit$$0000001D          0x08000162   Section        0  libinit2.o(.ARM.Collect$$libinit$$0000001D)
    .ARM.Collect$$libinit$$0000001F          0x08000162   Section        0  libinit2.o(.ARM.Collect$$libinit$$0000001F)
    .ARM.Collect$$libinit$$00000021          0x08000162   Section        0  libinit2.o(.ARM.Collect$$libinit$$00000021)
    .ARM.Collect$$libinit$$00000023          0x08000162   Section        0  libinit2.o(.ARM.Collect$$libinit$$00000023)
    .ARM.Collect$$libinit$$00000025          0x08000162   Section        0  libinit2.o(.ARM.Collect$$libinit$$00000025)
    .ARM.Collect$$libinit$$00000027          0x08000162   Section        0  libinit2.o(.ARM.Collect$$libinit$$00000027)
    .ARM.Collect$$libinit$$0000002E          0x08000162   Section        0  libinit2.o(.ARM.Collect$$libinit$$0000002E)
    .ARM.Collect$$libinit$$00000030          0x08000162   Section        0  libinit2.o(.ARM.Collect$$libinit$$00000030)
    .ARM.Collect$$libinit$$00000032          0x08000162   Section        0  libinit2.o(.ARM.Collect$$libinit$$00000032)
    .ARM.Collect$$libinit$$00000034          0x08000162   Section        0  libinit2.o(.ARM.Collect$$libinit$$00000034)
    .ARM.Collect$$libinit$$00000035          0x08000162   Section        2  libinit2.o(.ARM.Collect$$libinit$$00000035)
    .ARM.Collect$$libshutdown$$00000000      0x08000164   Section        2  libshutdown.o(.ARM.Collect$$libshutdown$$00000000)
    .ARM.Collect$$libshutdown$$00000002      0x08000166   Section        0  libshutdown2.o(.ARM.Collect$$libshutdown$$00000002)
    .ARM.Collect$$libshutdown$$00000004      0x08000166   Section        0  libshutdown2.o(.ARM.Collect$$libshutdown$$00000004)
    .ARM.Collect$$libshutdown$$00000007      0x08000166   Section        0  libshutdown2.o(.ARM.Collect$$libshutdown$$00000007)
    .ARM.Collect$$libshutdown$$0000000A      0x08000166   Section        0  libshutdown2.o(.ARM.Collect$$libshutdown$$0000000A)
    .ARM.Collect$$libshutdown$$0000000C      0x08000166   Section        0  libshutdown2.o(.ARM.Collect$$libshutdown$$0000000C)
    .ARM.Collect$$libshutdown$$0000000F      0x08000166   Section        0  libshutdown2.o(.ARM.Collect$$libshutdown$$0000000F)
    .ARM.Collect$$libshutdown$$00000010      0x08000166   Section        2  libshutdown2.o(.ARM.Collect$$libshutdown$$00000010)
    .ARM.Collect$$rtentry$$00000000          0x08000168   Section        0  __rtentry.o(.ARM.Collect$$rtentry$$00000000)
    .ARM.Collect$$rtentry$$00000002          0x08000168   Section        0  __rtentry2.o(.ARM.Collect$$rtentry$$00000002)
    .ARM.Collect$$rtentry$$00000004          0x08000168   Section        6  __rtentry4.o(.ARM.Collect$$rtentry$$00000004)
    .ARM.Collect$$rtentry$$00000009          0x0800016e   Section        0  __rtentry2.o(.ARM.Collect$$rtentry$$00000009)
    .ARM.Collect$$rtentry$$0000000A          0x0800016e   Section        4  __rtentry2.o(.ARM.Collect$$rtentry$$0000000A)
    .ARM.Collect$$rtentry$$0000000C          0x08000172   Section        0  __rtentry2.o(.ARM.Collect$$rtentry$$0000000C)
    .ARM.Collect$$rtentry$$0000000D          0x08000172   Section        8  __rtentry2.o(.ARM.Collect$$rtentry$$0000000D)
    .ARM.Collect$$rtexit$$00000000           0x0800017a   Section        2  rtexit.o(.ARM.Collect$$rtexit$$00000000)
    .ARM.Collect$$rtexit$$00000002           0x0800017c   Section        0  rtexit2.o(.ARM.Collect$$rtexit$$00000002)
    .ARM.Collect$$rtexit$$00000003           0x0800017c   Section        4  rtexit2.o(.ARM.Collect$$rtexit$$00000003)
    .ARM.Collect$$rtexit$$00000004           0x08000180   Section        6  rtexit2.o(.ARM.Collect$$rtexit$$00000004)
    .text                                    0x08000188   Section       64  startup_stm32f103xb.o(.text)
    .text                                    0x080001c8   Section       78  rt_memclr_w.o(.text)
    .text                                    0x08000216   Section        0  heapauxi.o(.text)
    .text                                    0x0800021c   Section       74  sys_stackheap_outer.o(.text)
    .text                                    0x08000266   Section        0  exit.o(.text)
    .text                                    0x08000278   Section        8  libspace.o(.text)
    .text                                    0x08000280   Section        0  sys_exit.o(.text)
    .text                                    0x0800028c   Section        2  use_no_semi.o(.text)
    .text                                    0x0800028e   Section        0  indicate_semi.o(.text)
    [Anonymous Symbol]                       0x08000290   Section        0  stm32f1xx_it.o(.text.BusFault_Handler)
    [Anonymous Symbol]                       0x08000294   Section        0  clock_manager.o(.text.ClockManager_GetDuty)
    [Anonymous Symbol]                       0x080002a0   Section        0  clock_manager.o(.text.ClockManager_GetTime)
    [Anonymous Symbol]                       0x080002f4   Section        0  clock_manager.o(.text.ClockManager_Init)
    [Anonymous Symbol]                       0x08000334   Section        0  clock_manager.o(.text.ClockManager_ResetTime)
    [Anonymous Symbol]                       0x08000344   Section        0  clock_manager.o(.text.ClockManager_SetDuty)
    [Anonymous Symbol]                       0x08000384   Section        0  clock_manager.o(.text.ClockManager_SetTime)
    [Anonymous Symbol]                       0x080003c0   Section        0  stm32f1xx_it.o(.text.DebugMon_Handler)
    DecreaseTimeDigit                        0x080003c5   Thumb Code   740  menu.o(.text.DecreaseTimeDigit)
    [Anonymous Symbol]                       0x080003c4   Section        0  menu.o(.text.DecreaseTimeDigit)
    [Anonymous Symbol]                       0x080006a8   Section        0  segment.o(.text.DisableAllDigits)
    [Anonymous Symbol]                       0x08000700   Section        0  segment.o(.text.EnableDigit)
    [Anonymous Symbol]                       0x08000778   Section        0  main.o(.text.Error_Handler)
    FormatTime                               0x08000789   Thumb Code   146  menu.o(.text.FormatTime)
    [Anonymous Symbol]                       0x08000788   Section        0  menu.o(.text.FormatTime)
    GetCharMask                              0x0800081d   Thumb Code    92  segment.o(.text.GetCharMask)
    [Anonymous Symbol]                       0x0800081c   Section        0  segment.o(.text.GetCharMask)
    [Anonymous Symbol]                       0x08000878   Section        0  stm32f1xx_hal_gpio.o(.text.HAL_GPIO_Init)
    [Anonymous Symbol]                       0x08000b98   Section        0  stm32f1xx_hal_gpio.o(.text.HAL_GPIO_ReadPin)
    [Anonymous Symbol]                       0x08000bc8   Section        0  stm32f1xx_hal_gpio.o(.text.HAL_GPIO_WritePin)
    [Anonymous Symbol]                       0x08000bf8   Section        0  stm32f1xx_hal.o(.text.HAL_GetTick)
    [Anonymous Symbol]                       0x08000c04   Section        0  stm32f1xx_hal.o(.text.HAL_IncTick)
    [Anonymous Symbol]                       0x08000c20   Section        0  stm32f1xx_hal.o(.text.HAL_Init)
    [Anonymous Symbol]                       0x08000c48   Section        0  stm32f1xx_hal.o(.text.HAL_InitTick)
    [Anonymous Symbol]                       0x08000cb8   Section        0  stm32f1xx_hal_msp.o(.text.HAL_MspInit)
    [Anonymous Symbol]                       0x08000d1c   Section        0  stm32f1xx_hal_cortex.o(.text.HAL_NVIC_EnableIRQ)
    [Anonymous Symbol]                       0x08000d30   Section        0  stm32f1xx_hal_cortex.o(.text.HAL_NVIC_SetPriority)
    [Anonymous Symbol]                       0x08000d64   Section        0  stm32f1xx_hal_cortex.o(.text.HAL_NVIC_SetPriorityGrouping)
    [Anonymous Symbol]                       0x08000d74   Section        0  stm32f1xx_hal_pwr.o(.text.HAL_PWR_EnableBkUpAccess)
    [Anonymous Symbol]                       0x08000d80   Section        0  stm32f1xx_hal_rcc_ex.o(.text.HAL_RCCEx_GetPeriphCLKFreq)
    [Anonymous Symbol]                       0x08000f18   Section        0  stm32f1xx_hal_rcc_ex.o(.text.HAL_RCCEx_PeriphCLKConfig)
    [Anonymous Symbol]                       0x080010e0   Section        0  stm32f1xx_hal_rcc.o(.text.HAL_RCC_ClockConfig)
    [Anonymous Symbol]                       0x08001338   Section        0  stm32f1xx_hal_rcc.o(.text.HAL_RCC_GetHCLKFreq)
    [Anonymous Symbol]                       0x08001344   Section        0  stm32f1xx_hal_rcc.o(.text.HAL_RCC_GetPCLK2Freq)
    [Anonymous Symbol]                       0x08001368   Section        0  stm32f1xx_hal_rcc.o(.text.HAL_RCC_GetSysClockFreq)
    [Anonymous Symbol]                       0x08001424   Section        0  stm32f1xx_hal_rcc.o(.text.HAL_RCC_OscConfig)
    [Anonymous Symbol]                       0x08001aa0   Section        0  stm32f1xx_hal_rtc_ex.o(.text.HAL_RTCEx_BKUPRead)
    [Anonymous Symbol]                       0x08001ad0   Section        0  stm32f1xx_hal_rtc_ex.o(.text.HAL_RTCEx_BKUPWrite)
    [Anonymous Symbol]                       0x08001afc   Section        0  stm32f1xx_hal_rtc.o(.text.HAL_RTC_GetTime)
    [Anonymous Symbol]                       0x08001cb0   Section        0  stm32f1xx_hal_rtc.o(.text.HAL_RTC_Init)
    [Anonymous Symbol]                       0x08001ddc   Section        0  rtc.o(.text.HAL_RTC_MspInit)
    [Anonymous Symbol]                       0x08001e28   Section        0  stm32f1xx_hal_rtc.o(.text.HAL_RTC_SetTime)
    [Anonymous Symbol]                       0x08001f6c   Section        0  stm32f1xx_hal_rtc.o(.text.HAL_RTC_WaitForSynchro)
    [Anonymous Symbol]                       0x08001fd0   Section        0  stm32f1xx_hal_cortex.o(.text.HAL_SYSTICK_Config)
    [Anonymous Symbol]                       0x08001fe0   Section        0  stm32f1xx_hal_tim_ex.o(.text.HAL_TIMEx_BreakCallback)
    [Anonymous Symbol]                       0x08001fe8   Section        0  stm32f1xx_hal_tim_ex.o(.text.HAL_TIMEx_CommutCallback)
    [Anonymous Symbol]                       0x08001ff0   Section        0  stm32f1xx_hal_tim_ex.o(.text.HAL_TIMEx_MasterConfigSynchronization)
    [Anonymous Symbol]                       0x080020cc   Section        0  stm32f1xx_hal_tim.o(.text.HAL_TIM_Base_Init)
    [Anonymous Symbol]                       0x08002168   Section        0  tim.o(.text.HAL_TIM_Base_MspInit)
    [Anonymous Symbol]                       0x080021b0   Section        0  stm32f1xx_hal_tim.o(.text.HAL_TIM_Base_Start_IT)
    [Anonymous Symbol]                       0x08002260   Section        0  stm32f1xx_hal_tim.o(.text.HAL_TIM_ConfigClockSource)
    [Anonymous Symbol]                       0x080023e4   Section        0  stm32f1xx_hal_tim.o(.text.HAL_TIM_IC_CaptureCallback)
    [Anonymous Symbol]                       0x080023ec   Section        0  stm32f1xx_hal_tim.o(.text.HAL_TIM_IRQHandler)
    [Anonymous Symbol]                       0x08002608   Section        0  stm32f1xx_hal_tim.o(.text.HAL_TIM_OC_DelayElapsedCallback)
    [Anonymous Symbol]                       0x08002610   Section        0  stm32f1xx_hal_tim.o(.text.HAL_TIM_PWM_PulseFinishedCallback)
    [Anonymous Symbol]                       0x08002618   Section        0  main.o(.text.HAL_TIM_PeriodElapsedCallback)
    [Anonymous Symbol]                       0x08002634   Section        0  stm32f1xx_hal_tim.o(.text.HAL_TIM_TriggerCallback)
    [Anonymous Symbol]                       0x0800263c   Section        0  stm32f1xx_it.o(.text.HardFault_Handler)
    IncreaseTimeDigit                        0x08002641   Thumb Code   638  menu.o(.text.IncreaseTimeDigit)
    [Anonymous Symbol]                       0x08002640   Section        0  menu.o(.text.IncreaseTimeDigit)
    LoadDuty                                 0x080028c1   Thumb Code    64  clock_manager.o(.text.LoadDuty)
    [Anonymous Symbol]                       0x080028c0   Section        0  clock_manager.o(.text.LoadDuty)
    [Anonymous Symbol]                       0x08002900   Section        0  gpio.o(.text.MX_GPIO_Init)
    [Anonymous Symbol]                       0x08002a08   Section        0  rtc.o(.text.MX_RTC_Init)
    [Anonymous Symbol]                       0x08002a38   Section        0  tim.o(.text.MX_TIM2_Init)
    [Anonymous Symbol]                       0x08002ab8   Section        0  stm32f1xx_it.o(.text.MemManage_Handler)
    [Anonymous Symbol]                       0x08002abc   Section        0  menu.o(.text.Menu_Init)
    [Anonymous Symbol]                       0x08002b24   Section        0  menu.o(.text.Menu_Process)
    [Anonymous Symbol]                       0x08002e44   Section        0  stm32f1xx_it.o(.text.NMI_Handler)
    NVIC_EncodePriority                      0x08002e49   Thumb Code   108  stm32f1xx_hal_cortex.o(.text.NVIC_EncodePriority)
    [Anonymous Symbol]                       0x08002e48   Section        0  stm32f1xx_hal_cortex.o(.text.NVIC_EncodePriority)
    NextDigit                                0x08002eb5   Thumb Code   226  segment.o(.text.NextDigit)
    [Anonymous Symbol]                       0x08002eb4   Section        0  segment.o(.text.NextDigit)
    [Anonymous Symbol]                       0x08002f98   Section        0  stm32f1xx_it.o(.text.PendSV_Handler)
    ProcessButton                            0x08002f9d   Thumb Code   848  menu.o(.text.ProcessButton)
    [Anonymous Symbol]                       0x08002f9c   Section        0  menu.o(.text.ProcessButton)
    RCC_Delay                                0x080032ed   Thumb Code    58  stm32f1xx_hal_rcc.o(.text.RCC_Delay)
    [Anonymous Symbol]                       0x080032ec   Section        0  stm32f1xx_hal_rcc.o(.text.RCC_Delay)
    RTC_Bcd2ToByte                           0x08003329   Thumb Code    42  stm32f1xx_hal_rtc.o(.text.RTC_Bcd2ToByte)
    [Anonymous Symbol]                       0x08003328   Section        0  stm32f1xx_hal_rtc.o(.text.RTC_Bcd2ToByte)
    RTC_ByteToBcd2                           0x08003355   Thumb Code    58  stm32f1xx_hal_rtc.o(.text.RTC_ByteToBcd2)
    [Anonymous Symbol]                       0x08003354   Section        0  stm32f1xx_hal_rtc.o(.text.RTC_ByteToBcd2)
    RTC_DateUpdate                           0x08003391   Thumb Code   370  stm32f1xx_hal_rtc.o(.text.RTC_DateUpdate)
    [Anonymous Symbol]                       0x08003390   Section        0  stm32f1xx_hal_rtc.o(.text.RTC_DateUpdate)
    RTC_EnterInitMode                        0x08003505   Thumb Code    86  stm32f1xx_hal_rtc.o(.text.RTC_EnterInitMode)
    [Anonymous Symbol]                       0x08003504   Section        0  stm32f1xx_hal_rtc.o(.text.RTC_EnterInitMode)
    RTC_ExitInitMode                         0x0800355d   Thumb Code    86  stm32f1xx_hal_rtc.o(.text.RTC_ExitInitMode)
    [Anonymous Symbol]                       0x0800355c   Section        0  stm32f1xx_hal_rtc.o(.text.RTC_ExitInitMode)
    RTC_IsLeapYear                           0x080035b5   Thumb Code   120  stm32f1xx_hal_rtc.o(.text.RTC_IsLeapYear)
    [Anonymous Symbol]                       0x080035b4   Section        0  stm32f1xx_hal_rtc.o(.text.RTC_IsLeapYear)
    RTC_ReadAlarmCounter                     0x0800362d   Thumb Code    50  stm32f1xx_hal_rtc.o(.text.RTC_ReadAlarmCounter)
    [Anonymous Symbol]                       0x0800362c   Section        0  stm32f1xx_hal_rtc.o(.text.RTC_ReadAlarmCounter)
    RTC_ReadTimeCounter                      0x08003661   Thumb Code   106  stm32f1xx_hal_rtc.o(.text.RTC_ReadTimeCounter)
    [Anonymous Symbol]                       0x08003660   Section        0  stm32f1xx_hal_rtc.o(.text.RTC_ReadTimeCounter)
    RTC_WeekDayNum                           0x080036cd   Thumb Code   226  stm32f1xx_hal_rtc.o(.text.RTC_WeekDayNum)
    [Anonymous Symbol]                       0x080036cc   Section        0  stm32f1xx_hal_rtc.o(.text.RTC_WeekDayNum)
    RTC_WriteAlarmCounter                    0x080037b1   Thumb Code    80  stm32f1xx_hal_rtc.o(.text.RTC_WriteAlarmCounter)
    [Anonymous Symbol]                       0x080037b0   Section        0  stm32f1xx_hal_rtc.o(.text.RTC_WriteAlarmCounter)
    RTC_WriteTimeCounter                     0x08003801   Thumb Code    80  stm32f1xx_hal_rtc.o(.text.RTC_WriteTimeCounter)
    [Anonymous Symbol]                       0x08003800   Section        0  stm32f1xx_hal_rtc.o(.text.RTC_WriteTimeCounter)
    [Anonymous Symbol]                       0x08003850   Section        0  main.o(.text.ReadButton)
    [Anonymous Symbol]                       0x080038dc   Section        0  stm32f1xx_it.o(.text.SVC_Handler)
    SaveDuty                                 0x080038e1   Thumb Code    28  clock_manager.o(.text.SaveDuty)
    [Anonymous Symbol]                       0x080038e0   Section        0  clock_manager.o(.text.SaveDuty)
    [Anonymous Symbol]                       0x080038fc   Section        0  segment.o(.text.Segment_Init)
    [Anonymous Symbol]                       0x08003958   Section        0  segment.o(.text.Segment_Process)
    [Anonymous Symbol]                       0x08003960   Section        0  segment.o(.text.Segment_SetBrightness)
    [Anonymous Symbol]                       0x0800399c   Section        0  segment.o(.text.Segment_SetString)
    SetSegments                              0x080039f1   Thumb Code   170  segment.o(.text.SetSegments)
    [Anonymous Symbol]                       0x080039f0   Section        0  segment.o(.text.SetSegments)
    SysTick_Config                           0x08003a9d   Thumb Code    82  stm32f1xx_hal_cortex.o(.text.SysTick_Config)
    [Anonymous Symbol]                       0x08003a9c   Section        0  stm32f1xx_hal_cortex.o(.text.SysTick_Config)
    [Anonymous Symbol]                       0x08003af0   Section        0  stm32f1xx_it.o(.text.SysTick_Handler)
    [Anonymous Symbol]                       0x08003af8   Section        0  main.o(.text.SystemClock_Config)
    [Anonymous Symbol]                       0x08003b8c   Section        0  system_stm32f1xx.o(.text.SystemInit)
    [Anonymous Symbol]                       0x08003b90   Section        0  stm32f1xx_it.o(.text.TIM2_IRQHandler)
    [Anonymous Symbol]                       0x08003ba0   Section        0  stm32f1xx_hal_tim.o(.text.TIM_Base_SetConfig)
    [Anonymous Symbol]                       0x08003ca8   Section        0  stm32f1xx_hal_tim.o(.text.TIM_ETR_SetConfig)
    TIM_ITRx_SetConfig                       0x08003cdd   Thumb Code    42  stm32f1xx_hal_tim.o(.text.TIM_ITRx_SetConfig)
    [Anonymous Symbol]                       0x08003cdc   Section        0  stm32f1xx_hal_tim.o(.text.TIM_ITRx_SetConfig)
    TIM_TI1_ConfigInputStage                 0x08003d09   Thumb Code    80  stm32f1xx_hal_tim.o(.text.TIM_TI1_ConfigInputStage)
    [Anonymous Symbol]                       0x08003d08   Section        0  stm32f1xx_hal_tim.o(.text.TIM_TI1_ConfigInputStage)
    TIM_TI2_ConfigInputStage                 0x08003d59   Thumb Code    82  stm32f1xx_hal_tim.o(.text.TIM_TI2_ConfigInputStage)
    [Anonymous Symbol]                       0x08003d58   Section        0  stm32f1xx_hal_tim.o(.text.TIM_TI2_ConfigInputStage)
    UpdateDisplay                            0x08003dad   Thumb Code   326  menu.o(.text.UpdateDisplay)
    [Anonymous Symbol]                       0x08003dac   Section        0  menu.o(.text.UpdateDisplay)
    UpdateOneDigit                           0x08003ef5   Thumb Code   192  segment.o(.text.UpdateOneDigit)
    [Anonymous Symbol]                       0x08003ef4   Section        0  segment.o(.text.UpdateOneDigit)
    [Anonymous Symbol]                       0x08003fb4   Section        0  stm32f1xx_it.o(.text.UsageFault_Handler)
    __NVIC_EnableIRQ                         0x08003fb9   Thumb Code    48  stm32f1xx_hal_cortex.o(.text.__NVIC_EnableIRQ)
    [Anonymous Symbol]                       0x08003fb8   Section        0  stm32f1xx_hal_cortex.o(.text.__NVIC_EnableIRQ)
    __NVIC_GetPriorityGrouping               0x08003fe9   Thumb Code    16  stm32f1xx_hal_cortex.o(.text.__NVIC_GetPriorityGrouping)
    [Anonymous Symbol]                       0x08003fe8   Section        0  stm32f1xx_hal_cortex.o(.text.__NVIC_GetPriorityGrouping)
    __NVIC_SetPriority                       0x08003ff9   Thumb Code    66  stm32f1xx_hal_cortex.o(.text.__NVIC_SetPriority)
    [Anonymous Symbol]                       0x08003ff8   Section        0  stm32f1xx_hal_cortex.o(.text.__NVIC_SetPriority)
    __NVIC_SetPriorityGrouping               0x0800403d   Thumb Code    60  stm32f1xx_hal_cortex.o(.text.__NVIC_SetPriorityGrouping)
    [Anonymous Symbol]                       0x0800403c   Section        0  stm32f1xx_hal_cortex.o(.text.__NVIC_SetPriorityGrouping)
    [Anonymous Symbol]                       0x08004078   Section        0  main.o(.text.main)
    HAL_RCCEx_GetPeriphCLKFreq.aPLLMULFactorTable 0x080040cc   Data          16  stm32f1xx_hal_rcc_ex.o(.rodata.HAL_RCCEx_GetPeriphCLKFreq.aPLLMULFactorTable)
    [Anonymous Symbol]                       0x080040cc   Section        0  stm32f1xx_hal_rcc_ex.o(.rodata.HAL_RCCEx_GetPeriphCLKFreq.aPLLMULFactorTable)
    HAL_RCCEx_GetPeriphCLKFreq.aPredivFactorTable 0x080040dc   Data           2  stm32f1xx_hal_rcc_ex.o(.rodata.HAL_RCCEx_GetPeriphCLKFreq.aPredivFactorTable)
    [Anonymous Symbol]                       0x080040dc   Section        0  stm32f1xx_hal_rcc_ex.o(.rodata.HAL_RCCEx_GetPeriphCLKFreq.aPredivFactorTable)
    HAL_RCC_GetSysClockFreq.aPLLMULFactorTable 0x080040de   Data          16  stm32f1xx_hal_rcc.o(.rodata.HAL_RCC_GetSysClockFreq.aPLLMULFactorTable)
    [Anonymous Symbol]                       0x080040de   Section        0  stm32f1xx_hal_rcc.o(.rodata.HAL_RCC_GetSysClockFreq.aPLLMULFactorTable)
    HAL_RCC_GetSysClockFreq.aPredivFactorTable 0x080040ee   Data           2  stm32f1xx_hal_rcc.o(.rodata.HAL_RCC_GetSysClockFreq.aPredivFactorTable)
    [Anonymous Symbol]                       0x080040ee   Section        0  stm32f1xx_hal_rcc.o(.rodata.HAL_RCC_GetSysClockFreq.aPredivFactorTable)
    charTable                                0x080040f0   Data         106  segment.o(.rodata.charTable)
    [Anonymous Symbol]                       0x080040f0   Section        0  segment.o(.rodata.charTable)
    .L.str.1                                 0x0800415a   Data           7  menu.o(.rodata.str1.1)
    [Anonymous Symbol]                       0x0800415a   Section        0  menu.o(.rodata.str1.1)
    .L.str                                   0x08004161   Data           7  menu.o(.rodata.str1.1)
    .L.str.2                                 0x08004168   Data           7  menu.o(.rodata.str1.1)
    dutyValue                                0x2000000c   Data           1  clock_manager.o(.data.dutyValue)
    [Anonymous Symbol]                       0x2000000c   Section        0  clock_manager.o(.data.dutyValue)
    .bss                                     0x20000018   Section       96  libspace.o(.bss)
    Menu_Process.lastClockUpdate             0x20000078   Data           4  menu.o(.bss.Menu_Process.lastClockUpdate)
    [Anonymous Symbol]                       0x20000078   Section        0  menu.o(.bss.Menu_Process.lastClockUpdate)
    currentDigitTime                         0x2000007c   Data           4  segment.o(.bss.currentDigitTime)
    [Anonymous Symbol]                       0x2000007c   Section        0  segment.o(.bss.currentDigitTime)
    currentPos                               0x20000080   Data           1  segment.o(.bss.currentPos)
    [Anonymous Symbol]                       0x20000080   Section        0  segment.o(.bss.currentPos)
    currentPwmThreshold                      0x20000084   Data           4  segment.o(.bss.currentPwmThreshold)
    [Anonymous Symbol]                       0x20000084   Section        0  segment.o(.bss.currentPwmThreshold)
    currentTime                              0x20000088   Data           3  clock_manager.o(.bss.currentTime)
    [Anonymous Symbol]                       0x20000088   Section        0  clock_manager.o(.bss.currentTime)
    displayBuffer                            0x2000008b   Data           6  segment.o(.bss.displayBuffer)
    [Anonymous Symbol]                       0x2000008b   Section        0  segment.o(.bss.displayBuffer)
    pwmCounter                               0x20000144   Data           4  segment.o(.bss.pwmCounter)
    [Anonymous Symbol]                       0x20000144   Section        0  segment.o(.bss.pwmCounter)
    Heap_Mem                                 0x20000150   Data         512  startup_stm32f103xb.o(HEAP)
    HEAP                                     0x20000150   Section      512  startup_stm32f103xb.o(HEAP)
    Stack_Mem                                0x20000350   Data        1024  startup_stm32f103xb.o(STACK)
    STACK                                    0x20000350   Section     1024  startup_stm32f103xb.o(STACK)
    __initial_sp                             0x20000750   Data           0  startup_stm32f103xb.o(STACK)

    Global Symbols

    Symbol Name                              Value     Ov Type        Size  Object(Section)

    BuildAttributes$$THM_ISAv4$P$D$K$B$S$PE$A:L22UL41UL21$X:L11$S22US41US21$IEEE1$IW$~IW$USESV6$~STKCKD$USESV7$~SHL$OSPACE$ROPI$EBA8$UX$STANDARDLIB$REQ8$PRES8$EABIv2 0x00000000   Number         0  anon$$obj.o ABSOLUTE
    __fp_init_empty                          0x00000000   Number         0  fpinit_empty.o ABSOLUTE
    __ARM_exceptions_init                     - Undefined Weak Reference
    __alloca_initialize                       - Undefined Weak Reference
    __arm_preinit_                            - Undefined Weak Reference
    __arm_relocate_pie_                       - Undefined Weak Reference
    __cpp_initialize__aeabi_                  - Undefined Weak Reference
    __cxa_finalize                            - Undefined Weak Reference
    __rt_locale                               - Undefined Weak Reference
    __sigvec_lookup                           - Undefined Weak Reference
    _atexit_init                              - Undefined Weak Reference
    _call_atexit_fns                          - Undefined Weak Reference
    _clock_init                               - Undefined Weak Reference
    _fp_trap_init                             - Undefined Weak Reference
    _fp_trap_shutdown                         - Undefined Weak Reference
    _get_lc_collate                           - Undefined Weak Reference
    _get_lc_ctype                             - Undefined Weak Reference
    _get_lc_monetary                          - Undefined Weak Reference
    _get_lc_numeric                           - Undefined Weak Reference
    _get_lc_time                              - Undefined Weak Reference
    _getenv_init                              - Undefined Weak Reference
    _handle_redirection                       - Undefined Weak Reference
    _init_alloc                               - Undefined Weak Reference
    _init_user_alloc                          - Undefined Weak Reference
    _initio                                   - Undefined Weak Reference
    _rand_init                                - Undefined Weak Reference
    _signal_finish                            - Undefined Weak Reference
    _signal_init                              - Undefined Weak Reference
    _terminate_alloc                          - Undefined Weak Reference
    _terminate_user_alloc                     - Undefined Weak Reference
    _terminateio                              - Undefined Weak Reference
    __Vectors_Size                           0x000000ec   Number         0  startup_stm32f103xb.o ABSOLUTE
    __Vectors                                0x08000000   Data           4  startup_stm32f103xb.o(RESET)
    __Vectors_End                            0x080000ec   Data           0  startup_stm32f103xb.o(RESET)
    __main                                   0x080000ed   Thumb Code     8  __main.o(!!!main)
    __scatterload                            0x080000f5   Thumb Code     0  __scatter.o(!!!scatter)
    __scatterload_rt2                        0x080000f5   Thumb Code    44  __scatter.o(!!!scatter)
    __scatterload_rt2_thumb_only             0x080000f5   Thumb Code     0  __scatter.o(!!!scatter)
    __scatterload_null                       0x08000103   Thumb Code     0  __scatter.o(!!!scatter)
    __scatterload_copy                       0x08000129   Thumb Code    26  __scatter_copy.o(!!handler_copy)
    __scatterload_zeroinit                   0x08000145   Thumb Code    28  __scatter_zi.o(!!handler_zi)
    __rt_lib_init                            0x08000161   Thumb Code     0  libinit.o(.ARM.Collect$$libinit$$00000000)
    __rt_lib_init_alloca_1                   0x08000163   Thumb Code     0  libinit2.o(.ARM.Collect$$libinit$$00000030)
    __rt_lib_init_argv_1                     0x08000163   Thumb Code     0  libinit2.o(.ARM.Collect$$libinit$$0000002E)
    __rt_lib_init_atexit_1                   0x08000163   Thumb Code     0  libinit2.o(.ARM.Collect$$libinit$$0000001D)
    __rt_lib_init_clock_1                    0x08000163   Thumb Code     0  libinit2.o(.ARM.Collect$$libinit$$00000023)
    __rt_lib_init_cpp_1                      0x08000163   Thumb Code     0  libinit2.o(.ARM.Collect$$libinit$$00000034)
    __rt_lib_init_exceptions_1               0x08000163   Thumb Code     0  libinit2.o(.ARM.Collect$$libinit$$00000032)
    __rt_lib_init_fp_1                       0x08000163   Thumb Code     0  libinit2.o(.ARM.Collect$$libinit$$00000002)
    __rt_lib_init_fp_trap_1                  0x08000163   Thumb Code     0  libinit2.o(.ARM.Collect$$libinit$$00000021)
    __rt_lib_init_getenv_1                   0x08000163   Thumb Code     0  libinit2.o(.ARM.Collect$$libinit$$00000025)
    __rt_lib_init_heap_1                     0x08000163   Thumb Code     0  libinit2.o(.ARM.Collect$$libinit$$0000000C)
    __rt_lib_init_lc_collate_1               0x08000163   Thumb Code     0  libinit2.o(.ARM.Collect$$libinit$$00000013)
    __rt_lib_init_lc_ctype_1                 0x08000163   Thumb Code     0  libinit2.o(.ARM.Collect$$libinit$$00000015)
    __rt_lib_init_lc_monetary_1              0x08000163   Thumb Code     0  libinit2.o(.ARM.Collect$$libinit$$00000017)
    __rt_lib_init_lc_numeric_1               0x08000163   Thumb Code     0  libinit2.o(.ARM.Collect$$libinit$$00000019)
    __rt_lib_init_lc_time_1                  0x08000163   Thumb Code     0  libinit2.o(.ARM.Collect$$libinit$$0000001B)
    __rt_lib_init_preinit_1                  0x08000163   Thumb Code     0  libinit2.o(.ARM.Collect$$libinit$$00000006)
    __rt_lib_init_rand_1                     0x08000163   Thumb Code     0  libinit2.o(.ARM.Collect$$libinit$$00000010)
    __rt_lib_init_relocate_pie_1             0x08000163   Thumb Code     0  libinit2.o(.ARM.Collect$$libinit$$00000004)
    __rt_lib_init_return                     0x08000163   Thumb Code     0  libinit2.o(.ARM.Collect$$libinit$$00000035)
    __rt_lib_init_signal_1                   0x08000163   Thumb Code     0  libinit2.o(.ARM.Collect$$libinit$$0000001F)
    __rt_lib_init_stdio_1                    0x08000163   Thumb Code     0  libinit2.o(.ARM.Collect$$libinit$$00000027)
    __rt_lib_init_user_alloc_1               0x08000163   Thumb Code     0  libinit2.o(.ARM.Collect$$libinit$$0000000E)
    __rt_lib_shutdown                        0x08000165   Thumb Code     0  libshutdown.o(.ARM.Collect$$libshutdown$$00000000)
    __rt_lib_shutdown_cpp_1                  0x08000167   Thumb Code     0  libshutdown2.o(.ARM.Collect$$libshutdown$$00000002)
    __rt_lib_shutdown_fp_trap_1              0x08000167   Thumb Code     0  libshutdown2.o(.ARM.Collect$$libshutdown$$00000007)
    __rt_lib_shutdown_heap_1                 0x08000167   Thumb Code     0  libshutdown2.o(.ARM.Collect$$libshutdown$$0000000F)
    __rt_lib_shutdown_return                 0x08000167   Thumb Code     0  libshutdown2.o(.ARM.Collect$$libshutdown$$00000010)
    __rt_lib_shutdown_signal_1               0x08000167   Thumb Code     0  libshutdown2.o(.ARM.Collect$$libshutdown$$0000000A)
    __rt_lib_shutdown_stdio_1                0x08000167   Thumb Code     0  libshutdown2.o(.ARM.Collect$$libshutdown$$00000004)
    __rt_lib_shutdown_user_alloc_1           0x08000167   Thumb Code     0  libshutdown2.o(.ARM.Collect$$libshutdown$$0000000C)
    __rt_entry                               0x08000169   Thumb Code     0  __rtentry.o(.ARM.Collect$$rtentry$$00000000)
    __rt_entry_presh_1                       0x08000169   Thumb Code     0  __rtentry2.o(.ARM.Collect$$rtentry$$00000002)
    __rt_entry_sh                            0x08000169   Thumb Code     0  __rtentry4.o(.ARM.Collect$$rtentry$$00000004)
    __rt_entry_li                            0x0800016f   Thumb Code     0  __rtentry2.o(.ARM.Collect$$rtentry$$0000000A)
    __rt_entry_postsh_1                      0x0800016f   Thumb Code     0  __rtentry2.o(.ARM.Collect$$rtentry$$00000009)
    __rt_entry_main                          0x08000173   Thumb Code     0  __rtentry2.o(.ARM.Collect$$rtentry$$0000000D)
    __rt_entry_postli_1                      0x08000173   Thumb Code     0  __rtentry2.o(.ARM.Collect$$rtentry$$0000000C)
    __rt_exit                                0x0800017b   Thumb Code     0  rtexit.o(.ARM.Collect$$rtexit$$00000000)
    __rt_exit_ls                             0x0800017d   Thumb Code     0  rtexit2.o(.ARM.Collect$$rtexit$$00000003)
    __rt_exit_prels_1                        0x0800017d   Thumb Code     0  rtexit2.o(.ARM.Collect$$rtexit$$00000002)
    __rt_exit_exit                           0x08000181   Thumb Code     0  rtexit2.o(.ARM.Collect$$rtexit$$00000004)
    Reset_Handler                            0x08000189   Thumb Code     8  startup_stm32f103xb.o(.text)
    ADC1_2_IRQHandler                        0x080001a3   Thumb Code     0  startup_stm32f103xb.o(.text)
    CAN1_RX1_IRQHandler                      0x080001a3   Thumb Code     0  startup_stm32f103xb.o(.text)
    CAN1_SCE_IRQHandler                      0x080001a3   Thumb Code     0  startup_stm32f103xb.o(.text)
    DMA1_Channel1_IRQHandler                 0x080001a3   Thumb Code     0  startup_stm32f103xb.o(.text)
    DMA1_Channel2_IRQHandler                 0x080001a3   Thumb Code     0  startup_stm32f103xb.o(.text)
    DMA1_Channel3_IRQHandler                 0x080001a3   Thumb Code     0  startup_stm32f103xb.o(.text)
    DMA1_Channel4_IRQHandler                 0x080001a3   Thumb Code     0  startup_stm32f103xb.o(.text)
    DMA1_Channel5_IRQHandler                 0x080001a3   Thumb Code     0  startup_stm32f103xb.o(.text)
    DMA1_Channel6_IRQHandler                 0x080001a3   Thumb Code     0  startup_stm32f103xb.o(.text)
    DMA1_Channel7_IRQHandler                 0x080001a3   Thumb Code     0  startup_stm32f103xb.o(.text)
    EXTI0_IRQHandler                         0x080001a3   Thumb Code     0  startup_stm32f103xb.o(.text)
    EXTI15_10_IRQHandler                     0x080001a3   Thumb Code     0  startup_stm32f103xb.o(.text)
    EXTI1_IRQHandler                         0x080001a3   Thumb Code     0  startup_stm32f103xb.o(.text)
    EXTI2_IRQHandler                         0x080001a3   Thumb Code     0  startup_stm32f103xb.o(.text)
    EXTI3_IRQHandler                         0x080001a3   Thumb Code     0  startup_stm32f103xb.o(.text)
    EXTI4_IRQHandler                         0x080001a3   Thumb Code     0  startup_stm32f103xb.o(.text)
    EXTI9_5_IRQHandler                       0x080001a3   Thumb Code     0  startup_stm32f103xb.o(.text)
    FLASH_IRQHandler                         0x080001a3   Thumb Code     0  startup_stm32f103xb.o(.text)
    I2C1_ER_IRQHandler                       0x080001a3   Thumb Code     0  startup_stm32f103xb.o(.text)
    I2C1_EV_IRQHandler                       0x080001a3   Thumb Code     0  startup_stm32f103xb.o(.text)
    I2C2_ER_IRQHandler                       0x080001a3   Thumb Code     0  startup_stm32f103xb.o(.text)
    I2C2_EV_IRQHandler                       0x080001a3   Thumb Code     0  startup_stm32f103xb.o(.text)
    PVD_IRQHandler                           0x080001a3   Thumb Code     0  startup_stm32f103xb.o(.text)
    RCC_IRQHandler                           0x080001a3   Thumb Code     0  startup_stm32f103xb.o(.text)
    RTC_Alarm_IRQHandler                     0x080001a3   Thumb Code     0  startup_stm32f103xb.o(.text)
    RTC_IRQHandler                           0x080001a3   Thumb Code     0  startup_stm32f103xb.o(.text)
    SPI1_IRQHandler                          0x080001a3   Thumb Code     0  startup_stm32f103xb.o(.text)
    SPI2_IRQHandler                          0x080001a3   Thumb Code     0  startup_stm32f103xb.o(.text)
    TAMPER_IRQHandler                        0x080001a3   Thumb Code     0  startup_stm32f103xb.o(.text)
    TIM1_BRK_IRQHandler                      0x080001a3   Thumb Code     0  startup_stm32f103xb.o(.text)
    TIM1_CC_IRQHandler                       0x080001a3   Thumb Code     0  startup_stm32f103xb.o(.text)
    TIM1_TRG_COM_IRQHandler                  0x080001a3   Thumb Code     0  startup_stm32f103xb.o(.text)
    TIM1_UP_IRQHandler                       0x080001a3   Thumb Code     0  startup_stm32f103xb.o(.text)
    TIM3_IRQHandler                          0x080001a3   Thumb Code     0  startup_stm32f103xb.o(.text)
    TIM4_IRQHandler                          0x080001a3   Thumb Code     0  startup_stm32f103xb.o(.text)
    USART1_IRQHandler                        0x080001a3   Thumb Code     0  startup_stm32f103xb.o(.text)
    USART2_IRQHandler                        0x080001a3   Thumb Code     0  startup_stm32f103xb.o(.text)
    USART3_IRQHandler                        0x080001a3   Thumb Code     0  startup_stm32f103xb.o(.text)
    USBWakeUp_IRQHandler                     0x080001a3   Thumb Code     0  startup_stm32f103xb.o(.text)
    USB_HP_CAN1_TX_IRQHandler                0x080001a3   Thumb Code     0  startup_stm32f103xb.o(.text)
    USB_LP_CAN1_RX0_IRQHandler               0x080001a3   Thumb Code     0  startup_stm32f103xb.o(.text)
    WWDG_IRQHandler                          0x080001a3   Thumb Code     0  startup_stm32f103xb.o(.text)
    __user_initial_stackheap                 0x080001a5   Thumb Code     0  startup_stm32f103xb.o(.text)
    __aeabi_memclr4                          0x080001c9   Thumb Code     0  rt_memclr_w.o(.text)
    __aeabi_memclr8                          0x080001c9   Thumb Code     0  rt_memclr_w.o(.text)
    __rt_memclr_w                            0x080001c9   Thumb Code     0  rt_memclr_w.o(.text)
    _memset_w                                0x080001cd   Thumb Code    74  rt_memclr_w.o(.text)
    __use_two_region_memory                  0x08000217   Thumb Code     2  heapauxi.o(.text)
    __rt_heap_escrow$2region                 0x08000219   Thumb Code     2  heapauxi.o(.text)
    __rt_heap_expand$2region                 0x0800021b   Thumb Code     2  heapauxi.o(.text)
    __user_setup_stackheap                   0x0800021d   Thumb Code    74  sys_stackheap_outer.o(.text)
    exit                                     0x08000267   Thumb Code    18  exit.o(.text)
    __user_libspace                          0x08000279   Thumb Code     8  libspace.o(.text)
    __user_perproc_libspace                  0x08000279   Thumb Code     0  libspace.o(.text)
    __user_perthread_libspace                0x08000279   Thumb Code     0  libspace.o(.text)
    _sys_exit                                0x08000281   Thumb Code     8  sys_exit.o(.text)
    __I$use$semihosting                      0x0800028d   Thumb Code     0  use_no_semi.o(.text)
    __use_no_semihosting_swi                 0x0800028d   Thumb Code     2  use_no_semi.o(.text)
    __semihosting_library_function           0x0800028f   Thumb Code     0  indicate_semi.o(.text)
    BusFault_Handler                         0x08000291   Thumb Code     4  stm32f1xx_it.o(.text.BusFault_Handler)
    ClockManager_GetDuty                     0x08000295   Thumb Code    12  clock_manager.o(.text.ClockManager_GetDuty)
    ClockManager_GetTime                     0x080002a1   Thumb Code    84  clock_manager.o(.text.ClockManager_GetTime)
    ClockManager_Init                        0x080002f5   Thumb Code    62  clock_manager.o(.text.ClockManager_Init)
    ClockManager_ResetTime                   0x08000335   Thumb Code    14  clock_manager.o(.text.ClockManager_ResetTime)
    ClockManager_SetDuty                     0x08000345   Thumb Code    62  clock_manager.o(.text.ClockManager_SetDuty)
    ClockManager_SetTime                     0x08000385   Thumb Code    60  clock_manager.o(.text.ClockManager_SetTime)
    DebugMon_Handler                         0x080003c1   Thumb Code     2  stm32f1xx_it.o(.text.DebugMon_Handler)
    DisableAllDigits                         0x080006a9   Thumb Code    88  segment.o(.text.DisableAllDigits)
    EnableDigit                              0x08000701   Thumb Code   118  segment.o(.text.EnableDigit)
    Error_Handler                            0x08000779   Thumb Code    14  main.o(.text.Error_Handler)
    HAL_GPIO_Init                            0x08000879   Thumb Code   798  stm32f1xx_hal_gpio.o(.text.HAL_GPIO_Init)
    HAL_GPIO_ReadPin                         0x08000b99   Thumb Code    46  stm32f1xx_hal_gpio.o(.text.HAL_GPIO_ReadPin)
    HAL_GPIO_WritePin                        0x08000bc9   Thumb Code    46  stm32f1xx_hal_gpio.o(.text.HAL_GPIO_WritePin)
    HAL_GetTick                              0x08000bf9   Thumb Code    12  stm32f1xx_hal.o(.text.HAL_GetTick)
    HAL_IncTick                              0x08000c05   Thumb Code    26  stm32f1xx_hal.o(.text.HAL_IncTick)
    HAL_Init                                 0x08000c21   Thumb Code    38  stm32f1xx_hal.o(.text.HAL_Init)
    HAL_InitTick                             0x08000c49   Thumb Code   112  stm32f1xx_hal.o(.text.HAL_InitTick)
    HAL_MspInit                              0x08000cb9   Thumb Code   100  stm32f1xx_hal_msp.o(.text.HAL_MspInit)
    HAL_NVIC_EnableIRQ                       0x08000d1d   Thumb Code    20  stm32f1xx_hal_cortex.o(.text.HAL_NVIC_EnableIRQ)
    HAL_NVIC_SetPriority                     0x08000d31   Thumb Code    50  stm32f1xx_hal_cortex.o(.text.HAL_NVIC_SetPriority)
    HAL_NVIC_SetPriorityGrouping             0x08000d65   Thumb Code    16  stm32f1xx_hal_cortex.o(.text.HAL_NVIC_SetPriorityGrouping)
    HAL_PWR_EnableBkUpAccess                 0x08000d75   Thumb Code    12  stm32f1xx_hal_pwr.o(.text.HAL_PWR_EnableBkUpAccess)
    HAL_RCCEx_GetPeriphCLKFreq               0x08000d81   Thumb Code   406  stm32f1xx_hal_rcc_ex.o(.text.HAL_RCCEx_GetPeriphCLKFreq)
    HAL_RCCEx_PeriphCLKConfig                0x08000f19   Thumb Code   456  stm32f1xx_hal_rcc_ex.o(.text.HAL_RCCEx_PeriphCLKConfig)
    HAL_RCC_ClockConfig                      0x080010e1   Thumb Code   598  stm32f1xx_hal_rcc.o(.text.HAL_RCC_ClockConfig)
    HAL_RCC_GetHCLKFreq                      0x08001339   Thumb Code    12  stm32f1xx_hal_rcc.o(.text.HAL_RCC_GetHCLKFreq)
    HAL_RCC_GetPCLK2Freq                     0x08001345   Thumb Code    34  stm32f1xx_hal_rcc.o(.text.HAL_RCC_GetPCLK2Freq)
    HAL_RCC_GetSysClockFreq                  0x08001369   Thumb Code   188  stm32f1xx_hal_rcc.o(.text.HAL_RCC_GetSysClockFreq)
    HAL_RCC_OscConfig                        0x08001425   Thumb Code  1658  stm32f1xx_hal_rcc.o(.text.HAL_RCC_OscConfig)
    HAL_RTCEx_BKUPRead                       0x08001aa1   Thumb Code    46  stm32f1xx_hal_rtc_ex.o(.text.HAL_RTCEx_BKUPRead)
    HAL_RTCEx_BKUPWrite                      0x08001ad1   Thumb Code    44  stm32f1xx_hal_rtc_ex.o(.text.HAL_RTCEx_BKUPWrite)
    HAL_RTC_GetTime                          0x08001afd   Thumb Code   434  stm32f1xx_hal_rtc.o(.text.HAL_RTC_GetTime)
    HAL_RTC_Init                             0x08001cb1   Thumb Code   298  stm32f1xx_hal_rtc.o(.text.HAL_RTC_Init)
    HAL_RTC_MspInit                          0x08001ddd   Thumb Code    76  rtc.o(.text.HAL_RTC_MspInit)
    HAL_RTC_SetTime                          0x08001e29   Thumb Code   322  stm32f1xx_hal_rtc.o(.text.HAL_RTC_SetTime)
    HAL_RTC_WaitForSynchro                   0x08001f6d   Thumb Code   100  stm32f1xx_hal_rtc.o(.text.HAL_RTC_WaitForSynchro)
    HAL_SYSTICK_Config                       0x08001fd1   Thumb Code    16  stm32f1xx_hal_cortex.o(.text.HAL_SYSTICK_Config)
    HAL_TIMEx_BreakCallback                  0x08001fe1   Thumb Code     8  stm32f1xx_hal_tim_ex.o(.text.HAL_TIMEx_BreakCallback)
    HAL_TIMEx_CommutCallback                 0x08001fe9   Thumb Code     8  stm32f1xx_hal_tim_ex.o(.text.HAL_TIMEx_CommutCallback)
    HAL_TIMEx_MasterConfigSynchronization    0x08001ff1   Thumb Code   220  stm32f1xx_hal_tim_ex.o(.text.HAL_TIMEx_MasterConfigSynchronization)
    HAL_TIM_Base_Init                        0x080020cd   Thumb Code   156  stm32f1xx_hal_tim.o(.text.HAL_TIM_Base_Init)
    HAL_TIM_Base_MspInit                     0x08002169   Thumb Code    72  tim.o(.text.HAL_TIM_Base_MspInit)
    HAL_TIM_Base_Start_IT                    0x080021b1   Thumb Code   176  stm32f1xx_hal_tim.o(.text.HAL_TIM_Base_Start_IT)
    HAL_TIM_ConfigClockSource                0x08002261   Thumb Code   388  stm32f1xx_hal_tim.o(.text.HAL_TIM_ConfigClockSource)
    HAL_TIM_IC_CaptureCallback               0x080023e5   Thumb Code     8  stm32f1xx_hal_tim.o(.text.HAL_TIM_IC_CaptureCallback)
    HAL_TIM_IRQHandler                       0x080023ed   Thumb Code   538  stm32f1xx_hal_tim.o(.text.HAL_TIM_IRQHandler)
    HAL_TIM_OC_DelayElapsedCallback          0x08002609   Thumb Code     8  stm32f1xx_hal_tim.o(.text.HAL_TIM_OC_DelayElapsedCallback)
    HAL_TIM_PWM_PulseFinishedCallback        0x08002611   Thumb Code     8  stm32f1xx_hal_tim.o(.text.HAL_TIM_PWM_PulseFinishedCallback)
    HAL_TIM_PeriodElapsedCallback            0x08002619   Thumb Code    28  main.o(.text.HAL_TIM_PeriodElapsedCallback)
    HAL_TIM_TriggerCallback                  0x08002635   Thumb Code     8  stm32f1xx_hal_tim.o(.text.HAL_TIM_TriggerCallback)
    HardFault_Handler                        0x0800263d   Thumb Code     4  stm32f1xx_it.o(.text.HardFault_Handler)
    MX_GPIO_Init                             0x08002901   Thumb Code   264  gpio.o(.text.MX_GPIO_Init)
    MX_RTC_Init                              0x08002a09   Thumb Code    48  rtc.o(.text.MX_RTC_Init)
    MX_TIM2_Init                             0x08002a39   Thumb Code   126  tim.o(.text.MX_TIM2_Init)
    MemManage_Handler                        0x08002ab9   Thumb Code     4  stm32f1xx_it.o(.text.MemManage_Handler)
    Menu_Init                                0x08002abd   Thumb Code   104  menu.o(.text.Menu_Init)
    Menu_Process                             0x08002b25   Thumb Code   800  menu.o(.text.Menu_Process)
    NMI_Handler                              0x08002e45   Thumb Code     4  stm32f1xx_it.o(.text.NMI_Handler)
    PendSV_Handler                           0x08002f99   Thumb Code     2  stm32f1xx_it.o(.text.PendSV_Handler)
    ReadButton                               0x08003851   Thumb Code   140  main.o(.text.ReadButton)
    SVC_Handler                              0x080038dd   Thumb Code     2  stm32f1xx_it.o(.text.SVC_Handler)
    Segment_Init                             0x080038fd   Thumb Code    92  segment.o(.text.Segment_Init)
    Segment_Process                          0x08003959   Thumb Code     8  segment.o(.text.Segment_Process)
    Segment_SetBrightness                    0x08003961   Thumb Code    60  segment.o(.text.Segment_SetBrightness)
    Segment_SetString                        0x0800399d   Thumb Code    84  segment.o(.text.Segment_SetString)
    SysTick_Handler                          0x08003af1   Thumb Code     8  stm32f1xx_it.o(.text.SysTick_Handler)
    SystemClock_Config                       0x08003af9   Thumb Code   148  main.o(.text.SystemClock_Config)
    SystemInit                               0x08003b8d   Thumb Code     2  system_stm32f1xx.o(.text.SystemInit)
    TIM2_IRQHandler                          0x08003b91   Thumb Code    16  stm32f1xx_it.o(.text.TIM2_IRQHandler)
    TIM_Base_SetConfig                       0x08003ba1   Thumb Code   262  stm32f1xx_hal_tim.o(.text.TIM_Base_SetConfig)
    TIM_ETR_SetConfig                        0x08003ca9   Thumb Code    52  stm32f1xx_hal_tim.o(.text.TIM_ETR_SetConfig)
    UsageFault_Handler                       0x08003fb5   Thumb Code     4  stm32f1xx_it.o(.text.UsageFault_Handler)
    main                                     0x08004079   Thumb Code    60  main.o(.text.main)
    AHBPrescTable                            0x080040b4   Data          16  system_stm32f1xx.o(.rodata.AHBPrescTable)
    APBPrescTable                            0x080040c4   Data           8  system_stm32f1xx.o(.rodata.APBPrescTable)
    Region$$Table$$Base                      0x08004170   Number         0  anon$$obj.o(Region$$Table)
    Region$$Table$$Limit                     0x08004190   Number         0  anon$$obj.o(Region$$Table)
    GLOBAL_BRIGHTNESS                        0x20000000   Data           1  segment.o(.data.GLOBAL_BRIGHTNESS)
    REFRESH_RATE                             0x20000004   Data           4  segment.o(.data.REFRESH_RATE)
    SystemCoreClock                          0x20000008   Data           4  system_stm32f1xx.o(.data.SystemCoreClock)
    uwTickFreq                               0x2000000d   Data           1  stm32f1xx_hal.o(.data.uwTickFreq)
    uwTickPrio                               0x20000010   Data           4  stm32f1xx_hal.o(.data.uwTickPrio)
    __libspace_start                         0x20000018   Data          96  libspace.o(.bss)
    __temporary_stack_top$libspace           0x20000078   Data           0  libspace.o(.bss)
    hrtc                                     0x20000094   Data          20  rtc.o(.bss.hrtc)
    htim2                                    0x200000a8   Data          72  tim.o(.bss.htim2)
    menu                                     0x200000f0   Data          84  menu.o(.bss.menu)
    rtc_time                                 0x20000148   Data           3  clock_manager.o(.bss.rtc_time)
    uwTick                                   0x2000014c   Data           4  stm32f1xx_hal.o(.bss.uwTick)



==============================================================================

Memory Map of the image

  Image Entry point : 0x080000ed

  Load Region LR_IROM1 (Base: 0x08000000, Size: 0x000041a8, Max: 0x00010000, ABSOLUTE)

    Execution Region ER_IROM1 (Exec base: 0x08000000, Load base: 0x08000000, Size: 0x00004190, Max: 0x00010000, ABSOLUTE)

    Exec Addr    Load Addr    Size         Type   Attr      Idx    E Section Name        Object

    0x08000000   0x08000000   0x000000ec   Data   RO            3    RESET               startup_stm32f103xb.o
    0x080000ec   0x080000ec   0x00000008   Code   RO         1036  * !!!main             c_w.l(__main.o)
    0x080000f4   0x080000f4   0x00000034   Code   RO         1201    !!!scatter          c_w.l(__scatter.o)
    0x08000128   0x08000128   0x0000001a   Code   RO         1203    !!handler_copy      c_w.l(__scatter_copy.o)
    0x08000142   0x08000142   0x00000002   PAD
    0x08000144   0x08000144   0x0000001c   Code   RO         1205    !!handler_zi        c_w.l(__scatter_zi.o)
    0x08000160   0x08000160   0x00000002   Code   RO         1063    .ARM.Collect$$libinit$$00000000  c_w.l(libinit.o)
    0x08000162   0x08000162   0x00000000   Code   RO         1070    .ARM.Collect$$libinit$$00000002  c_w.l(libinit2.o)
    0x08000162   0x08000162   0x00000000   Code   RO         1072    .ARM.Collect$$libinit$$00000004  c_w.l(libinit2.o)
    0x08000162   0x08000162   0x00000000   Code   RO         1074    .ARM.Collect$$libinit$$00000006  c_w.l(libinit2.o)
    0x08000162   0x08000162   0x00000000   Code   RO         1077    .ARM.Collect$$libinit$$0000000C  c_w.l(libinit2.o)
    0x08000162   0x08000162   0x00000000   Code   RO         1079    .ARM.Collect$$libinit$$0000000E  c_w.l(libinit2.o)
    0x08000162   0x08000162   0x00000000   Code   RO         1081    .ARM.Collect$$libinit$$00000010  c_w.l(libinit2.o)
    0x08000162   0x08000162   0x00000000   Code   RO         1084    .ARM.Collect$$libinit$$00000013  c_w.l(libinit2.o)
    0x08000162   0x08000162   0x00000000   Code   RO         1086    .ARM.Collect$$libinit$$00000015  c_w.l(libinit2.o)
    0x08000162   0x08000162   0x00000000   Code   RO         1088    .ARM.Collect$$libinit$$00000017  c_w.l(libinit2.o)
    0x08000162   0x08000162   0x00000000   Code   RO         1090    .ARM.Collect$$libinit$$00000019  c_w.l(libinit2.o)
    0x08000162   0x08000162   0x00000000   Code   RO         1092    .ARM.Collect$$libinit$$0000001B  c_w.l(libinit2.o)
    0x08000162   0x08000162   0x00000000   Code   RO         1094    .ARM.Collect$$libinit$$0000001D  c_w.l(libinit2.o)
    0x08000162   0x08000162   0x00000000   Code   RO         1096    .ARM.Collect$$libinit$$0000001F  c_w.l(libinit2.o)
    0x08000162   0x08000162   0x00000000   Code   RO         1098    .ARM.Collect$$libinit$$00000021  c_w.l(libinit2.o)
    0x08000162   0x08000162   0x00000000   Code   RO         1100    .ARM.Collect$$libinit$$00000023  c_w.l(libinit2.o)
    0x08000162   0x08000162   0x00000000   Code   RO         1102    .ARM.Collect$$libinit$$00000025  c_w.l(libinit2.o)
    0x08000162   0x08000162   0x00000000   Code   RO         1104    .ARM.Collect$$libinit$$00000027  c_w.l(libinit2.o)
    0x08000162   0x08000162   0x00000000   Code   RO         1108    .ARM.Collect$$libinit$$0000002E  c_w.l(libinit2.o)
    0x08000162   0x08000162   0x00000000   Code   RO         1110    .ARM.Collect$$libinit$$00000030  c_w.l(libinit2.o)
    0x08000162   0x08000162   0x00000000   Code   RO         1112    .ARM.Collect$$libinit$$00000032  c_w.l(libinit2.o)
    0x08000162   0x08000162   0x00000000   Code   RO         1114    .ARM.Collect$$libinit$$00000034  c_w.l(libinit2.o)
    0x08000162   0x08000162   0x00000002   Code   RO         1115    .ARM.Collect$$libinit$$00000035  c_w.l(libinit2.o)
    0x08000164   0x08000164   0x00000002   Code   RO         1137    .ARM.Collect$$libshutdown$$00000000  c_w.l(libshutdown.o)
    0x08000166   0x08000166   0x00000000   Code   RO         1152    .ARM.Collect$$libshutdown$$00000002  c_w.l(libshutdown2.o)
    0x08000166   0x08000166   0x00000000   Code   RO         1154    .ARM.Collect$$libshutdown$$00000004  c_w.l(libshutdown2.o)
    0x08000166   0x08000166   0x00000000   Code   RO         1157    .ARM.Collect$$libshutdown$$00000007  c_w.l(libshutdown2.o)
    0x08000166   0x08000166   0x00000000   Code   RO         1160    .ARM.Collect$$libshutdown$$0000000A  c_w.l(libshutdown2.o)
    0x08000166   0x08000166   0x00000000   Code   RO         1162    .ARM.Collect$$libshutdown$$0000000C  c_w.l(libshutdown2.o)
    0x08000166   0x08000166   0x00000000   Code   RO         1165    .ARM.Collect$$libshutdown$$0000000F  c_w.l(libshutdown2.o)
    0x08000166   0x08000166   0x00000002   Code   RO         1166    .ARM.Collect$$libshutdown$$00000010  c_w.l(libshutdown2.o)
    0x08000168   0x08000168   0x00000000   Code   RO         1038    .ARM.Collect$$rtentry$$00000000  c_w.l(__rtentry.o)
    0x08000168   0x08000168   0x00000000   Code   RO         1040    .ARM.Collect$$rtentry$$00000002  c_w.l(__rtentry2.o)
    0x08000168   0x08000168   0x00000006   Code   RO         1052    .ARM.Collect$$rtentry$$00000004  c_w.l(__rtentry4.o)
    0x0800016e   0x0800016e   0x00000000   Code   RO         1042    .ARM.Collect$$rtentry$$00000009  c_w.l(__rtentry2.o)
    0x0800016e   0x0800016e   0x00000004   Code   RO         1043    .ARM.Collect$$rtentry$$0000000A  c_w.l(__rtentry2.o)
    0x08000172   0x08000172   0x00000000   Code   RO         1045    .ARM.Collect$$rtentry$$0000000C  c_w.l(__rtentry2.o)
    0x08000172   0x08000172   0x00000008   Code   RO         1046    .ARM.Collect$$rtentry$$0000000D  c_w.l(__rtentry2.o)
    0x0800017a   0x0800017a   0x00000002   Code   RO         1067    .ARM.Collect$$rtexit$$00000000  c_w.l(rtexit.o)
    0x0800017c   0x0800017c   0x00000000   Code   RO         1117    .ARM.Collect$$rtexit$$00000002  c_w.l(rtexit2.o)
    0x0800017c   0x0800017c   0x00000004   Code   RO         1118    .ARM.Collect$$rtexit$$00000003  c_w.l(rtexit2.o)
    0x08000180   0x08000180   0x00000006   Code   RO         1119    .ARM.Collect$$rtexit$$00000004  c_w.l(rtexit2.o)
    0x08000186   0x08000186   0x00000002   PAD
    0x08000188   0x08000188   0x00000040   Code   RO            4    .text               startup_stm32f103xb.o
    0x080001c8   0x080001c8   0x0000004e   Code   RO         1032    .text               c_w.l(rt_memclr_w.o)
    0x08000216   0x08000216   0x00000006   Code   RO         1034    .text               c_w.l(heapauxi.o)
    0x0800021c   0x0800021c   0x0000004a   Code   RO         1054    .text               c_w.l(sys_stackheap_outer.o)
    0x08000266   0x08000266   0x00000012   Code   RO         1056    .text               c_w.l(exit.o)
    0x08000278   0x08000278   0x00000008   Code   RO         1064    .text               c_w.l(libspace.o)
    0x08000280   0x08000280   0x0000000c   Code   RO         1127    .text               c_w.l(sys_exit.o)
    0x0800028c   0x0800028c   0x00000002   Code   RO         1142    .text               c_w.l(use_no_semi.o)
    0x0800028e   0x0800028e   0x00000000   Code   RO         1144    .text               c_w.l(indicate_semi.o)
    0x0800028e   0x0800028e   0x00000002   PAD
    0x08000290   0x08000290   0x00000004   Code   RO           71    .text.BusFault_Handler  stm32f1xx_it.o
    0x08000294   0x08000294   0x0000000c   Code   RO          949    .text.ClockManager_GetDuty  clock_manager.o
    0x080002a0   0x080002a0   0x00000054   Code   RO          945    .text.ClockManager_GetTime  clock_manager.o
    0x080002f4   0x080002f4   0x0000003e   Code   RO          939    .text.ClockManager_Init  clock_manager.o
    0x08000332   0x08000332   0x00000002   PAD
    0x08000334   0x08000334   0x0000000e   Code   RO          943    .text.ClockManager_ResetTime  clock_manager.o
    0x08000342   0x08000342   0x00000002   PAD
    0x08000344   0x08000344   0x0000003e   Code   RO          951    .text.ClockManager_SetDuty  clock_manager.o
    0x08000382   0x08000382   0x00000002   PAD
    0x08000384   0x08000384   0x0000003c   Code   RO          947    .text.ClockManager_SetTime  clock_manager.o
    0x080003c0   0x080003c0   0x00000002   Code   RO           77    .text.DebugMon_Handler  stm32f1xx_it.o
    0x080003c2   0x080003c2   0x00000002   PAD
    0x080003c4   0x080003c4   0x000002e4   Code   RO          979    .text.DecreaseTimeDigit  menu.o
    0x080006a8   0x080006a8   0x00000058   Code   RO          992    .text.DisableAllDigits  segment.o
    0x08000700   0x08000700   0x00000076   Code   RO          994    .text.EnableDigit   segment.o
    0x08000776   0x08000776   0x00000002   PAD
    0x08000778   0x08000778   0x0000000e   Code   RO           19    .text.Error_Handler  main.o
    0x08000786   0x08000786   0x00000002   PAD
    0x08000788   0x08000788   0x00000092   Code   RO          975    .text.FormatTime    menu.o
    0x0800081a   0x0800081a   0x00000002   PAD
    0x0800081c   0x0800081c   0x0000005c   Code   RO         1002    .text.GetCharMask   segment.o
    0x08000878   0x08000878   0x0000031e   Code   RO          325    .text.HAL_GPIO_Init  stm32f1xx_hal_gpio.o
    0x08000b96   0x08000b96   0x00000002   PAD
    0x08000b98   0x08000b98   0x0000002e   Code   RO          329    .text.HAL_GPIO_ReadPin  stm32f1xx_hal_gpio.o
    0x08000bc6   0x08000bc6   0x00000002   PAD
    0x08000bc8   0x08000bc8   0x0000002e   Code   RO          331    .text.HAL_GPIO_WritePin  stm32f1xx_hal_gpio.o
    0x08000bf6   0x08000bf6   0x00000002   PAD
    0x08000bf8   0x08000bf8   0x0000000c   Code   RO          223    .text.HAL_GetTick   stm32f1xx_hal.o
    0x08000c04   0x08000c04   0x0000001a   Code   RO          221    .text.HAL_IncTick   stm32f1xx_hal.o
    0x08000c1e   0x08000c1e   0x00000002   PAD
    0x08000c20   0x08000c20   0x00000026   Code   RO          211    .text.HAL_Init      stm32f1xx_hal.o
    0x08000c46   0x08000c46   0x00000002   PAD
    0x08000c48   0x08000c48   0x00000070   Code   RO          213    .text.HAL_InitTick  stm32f1xx_hal.o
    0x08000cb8   0x08000cb8   0x00000064   Code   RO           92    .text.HAL_MspInit   stm32f1xx_hal_msp.o
    0x08000d1c   0x08000d1c   0x00000014   Code   RO          393    .text.HAL_NVIC_EnableIRQ  stm32f1xx_hal_cortex.o
    0x08000d30   0x08000d30   0x00000032   Code   RO          385    .text.HAL_NVIC_SetPriority  stm32f1xx_hal_cortex.o
    0x08000d62   0x08000d62   0x00000002   PAD
    0x08000d64   0x08000d64   0x00000010   Code   RO          381    .text.HAL_NVIC_SetPriorityGrouping  stm32f1xx_hal_cortex.o
    0x08000d74   0x08000d74   0x0000000c   Code   RO          448    .text.HAL_PWR_EnableBkUpAccess  stm32f1xx_hal_pwr.o
    0x08000d80   0x08000d80   0x00000196   Code   RO          314    .text.HAL_RCCEx_GetPeriphCLKFreq  stm32f1xx_hal_rcc_ex.o
    0x08000f16   0x08000f16   0x00000002   PAD
    0x08000f18   0x08000f18   0x000001c8   Code   RO          310    .text.HAL_RCCEx_PeriphCLKConfig  stm32f1xx_hal_rcc_ex.o
    0x080010e0   0x080010e0   0x00000256   Code   RO          277    .text.HAL_RCC_ClockConfig  stm32f1xx_hal_rcc.o
    0x08001336   0x08001336   0x00000002   PAD
    0x08001338   0x08001338   0x0000000c   Code   RO          287    .text.HAL_RCC_GetHCLKFreq  stm32f1xx_hal_rcc.o
    0x08001344   0x08001344   0x00000022   Code   RO          291    .text.HAL_RCC_GetPCLK2Freq  stm32f1xx_hal_rcc.o
    0x08001366   0x08001366   0x00000002   PAD
    0x08001368   0x08001368   0x000000bc   Code   RO          279    .text.HAL_RCC_GetSysClockFreq  stm32f1xx_hal_rcc.o
    0x08001424   0x08001424   0x0000067a   Code   RO          273    .text.HAL_RCC_OscConfig  stm32f1xx_hal_rcc.o
    0x08001a9e   0x08001a9e   0x00000002   PAD
    0x08001aa0   0x08001aa0   0x0000002e   Code   RO          200    .text.HAL_RTCEx_BKUPRead  stm32f1xx_hal_rtc_ex.o
    0x08001ace   0x08001ace   0x00000002   PAD
    0x08001ad0   0x08001ad0   0x0000002c   Code   RO          198    .text.HAL_RTCEx_BKUPWrite  stm32f1xx_hal_rtc_ex.o
    0x08001afc   0x08001afc   0x000001b2   Code   RO          137    .text.HAL_RTC_GetTime  stm32f1xx_hal_rtc.o
    0x08001cae   0x08001cae   0x00000002   PAD
    0x08001cb0   0x08001cb0   0x0000012a   Code   RO          113    .text.HAL_RTC_Init  stm32f1xx_hal_rtc.o
    0x08001dda   0x08001dda   0x00000002   PAD
    0x08001ddc   0x08001ddc   0x0000004c   Code   RO           39    .text.HAL_RTC_MspInit  rtc.o
    0x08001e28   0x08001e28   0x00000142   Code   RO          127    .text.HAL_RTC_SetTime  stm32f1xx_hal_rtc.o
    0x08001f6a   0x08001f6a   0x00000002   PAD
    0x08001f6c   0x08001f6c   0x00000064   Code   RO          117    .text.HAL_RTC_WaitForSynchro  stm32f1xx_hal_rtc.o
    0x08001fd0   0x08001fd0   0x00000010   Code   RO          405    .text.HAL_SYSTICK_Config  stm32f1xx_hal_cortex.o
    0x08001fe0   0x08001fe0   0x00000008   Code   RO          912    .text.HAL_TIMEx_BreakCallback  stm32f1xx_hal_tim_ex.o
    0x08001fe8   0x08001fe8   0x00000008   Code   RO          908    .text.HAL_TIMEx_CommutCallback  stm32f1xx_hal_tim_ex.o
    0x08001ff0   0x08001ff0   0x000000dc   Code   RO          902    .text.HAL_TIMEx_MasterConfigSynchronization  stm32f1xx_hal_tim_ex.o
    0x080020cc   0x080020cc   0x0000009c   Code   RO          589    .text.HAL_TIM_Base_Init  stm32f1xx_hal_tim.o
    0x08002168   0x08002168   0x00000048   Code   RO           53    .text.HAL_TIM_Base_MspInit  tim.o
    0x080021b0   0x080021b0   0x000000b0   Code   RO          603    .text.HAL_TIM_Base_Start_IT  stm32f1xx_hal_tim.o
    0x08002260   0x08002260   0x00000184   Code   RO          781    .text.HAL_TIM_ConfigClockSource  stm32f1xx_hal_tim.o
    0x080023e4   0x080023e4   0x00000008   Code   RO          725    .text.HAL_TIM_IC_CaptureCallback  stm32f1xx_hal_tim.o
    0x080023ec   0x080023ec   0x0000021a   Code   RO          723    .text.HAL_TIM_IRQHandler  stm32f1xx_hal_tim.o
    0x08002606   0x08002606   0x00000002   PAD
    0x08002608   0x08002608   0x00000008   Code   RO          727    .text.HAL_TIM_OC_DelayElapsedCallback  stm32f1xx_hal_tim.o
    0x08002610   0x08002610   0x00000008   Code   RO          729    .text.HAL_TIM_PWM_PulseFinishedCallback  stm32f1xx_hal_tim.o
    0x08002618   0x08002618   0x0000001c   Code   RO           13    .text.HAL_TIM_PeriodElapsedCallback  main.o
    0x08002634   0x08002634   0x00000008   Code   RO          733    .text.HAL_TIM_TriggerCallback  stm32f1xx_hal_tim.o
    0x0800263c   0x0800263c   0x00000004   Code   RO           67    .text.HardFault_Handler  stm32f1xx_it.o
    0x08002640   0x08002640   0x0000027e   Code   RO          977    .text.IncreaseTimeDigit  menu.o
    0x080028be   0x080028be   0x00000002   PAD
    0x080028c0   0x080028c0   0x00000040   Code   RO          941    .text.LoadDuty      clock_manager.o
    0x08002900   0x08002900   0x00000108   Code   RO           29    .text.MX_GPIO_Init  gpio.o
    0x08002a08   0x08002a08   0x00000030   Code   RO           37    .text.MX_RTC_Init   rtc.o
    0x08002a38   0x08002a38   0x0000007e   Code   RO           51    .text.MX_TIM2_Init  tim.o
    0x08002ab6   0x08002ab6   0x00000002   PAD
    0x08002ab8   0x08002ab8   0x00000004   Code   RO           69    .text.MemManage_Handler  stm32f1xx_it.o
    0x08002abc   0x08002abc   0x00000068   Code   RO          965    .text.Menu_Init     menu.o
    0x08002b24   0x08002b24   0x00000320   Code   RO          967    .text.Menu_Process  menu.o
    0x08002e44   0x08002e44   0x00000004   Code   RO           65    .text.NMI_Handler   stm32f1xx_it.o
    0x08002e48   0x08002e48   0x0000006c   Code   RO          391    .text.NVIC_EncodePriority  stm32f1xx_hal_cortex.o
    0x08002eb4   0x08002eb4   0x000000e2   Code   RO          998    .text.NextDigit     segment.o
    0x08002f96   0x08002f96   0x00000002   PAD
    0x08002f98   0x08002f98   0x00000002   Code   RO           79    .text.PendSV_Handler  stm32f1xx_it.o
    0x08002f9a   0x08002f9a   0x00000002   PAD
    0x08002f9c   0x08002f9c   0x00000350   Code   RO          971    .text.ProcessButton  menu.o
    0x080032ec   0x080032ec   0x0000003a   Code   RO          275    .text.RCC_Delay     stm32f1xx_hal_rcc.o
    0x08003326   0x08003326   0x00000002   PAD
    0x08003328   0x08003328   0x0000002a   Code   RO          129    .text.RTC_Bcd2ToByte  stm32f1xx_hal_rtc.o
    0x08003352   0x08003352   0x00000002   PAD
    0x08003354   0x08003354   0x0000003a   Code   RO          143    .text.RTC_ByteToBcd2  stm32f1xx_hal_rtc.o
    0x0800338e   0x0800338e   0x00000002   PAD
    0x08003390   0x08003390   0x00000172   Code   RO          141    .text.RTC_DateUpdate  stm32f1xx_hal_rtc.o
    0x08003502   0x08003502   0x00000002   PAD
    0x08003504   0x08003504   0x00000056   Code   RO          119    .text.RTC_EnterInitMode  stm32f1xx_hal_rtc.o
    0x0800355a   0x0800355a   0x00000002   PAD
    0x0800355c   0x0800355c   0x00000056   Code   RO          121    .text.RTC_ExitInitMode  stm32f1xx_hal_rtc.o
    0x080035b2   0x080035b2   0x00000002   PAD
    0x080035b4   0x080035b4   0x00000078   Code   RO          167    .text.RTC_IsLeapYear  stm32f1xx_hal_rtc.o
    0x0800362c   0x0800362c   0x00000032   Code   RO          133    .text.RTC_ReadAlarmCounter  stm32f1xx_hal_rtc.o
    0x0800365e   0x0800365e   0x00000002   PAD
    0x08003660   0x08003660   0x0000006a   Code   RO          139    .text.RTC_ReadTimeCounter  stm32f1xx_hal_rtc.o
    0x080036ca   0x080036ca   0x00000002   PAD
    0x080036cc   0x080036cc   0x000000e2   Code   RO          147    .text.RTC_WeekDayNum  stm32f1xx_hal_rtc.o
    0x080037ae   0x080037ae   0x00000002   PAD
    0x080037b0   0x080037b0   0x00000050   Code   RO          135    .text.RTC_WriteAlarmCounter  stm32f1xx_hal_rtc.o
    0x08003800   0x08003800   0x00000050   Code   RO          131    .text.RTC_WriteTimeCounter  stm32f1xx_hal_rtc.o
    0x08003850   0x08003850   0x0000008c   Code   RO           11    .text.ReadButton    main.o
    0x080038dc   0x080038dc   0x00000002   Code   RO           75    .text.SVC_Handler   stm32f1xx_it.o
    0x080038de   0x080038de   0x00000002   PAD
    0x080038e0   0x080038e0   0x0000001c   Code   RO          953    .text.SaveDuty      clock_manager.o
    0x080038fc   0x080038fc   0x0000005c   Code   RO          996    .text.Segment_Init  segment.o
    0x08003958   0x08003958   0x00000008   Code   RO         1010    .text.Segment_Process  segment.o
    0x08003960   0x08003960   0x0000003c   Code   RO         1008    .text.Segment_SetBrightness  segment.o
    0x0800399c   0x0800399c   0x00000054   Code   RO         1006    .text.Segment_SetString  segment.o
    0x080039f0   0x080039f0   0x000000aa   Code   RO         1014    .text.SetSegments   segment.o
    0x08003a9a   0x08003a9a   0x00000002   PAD
    0x08003a9c   0x08003a9c   0x00000052   Code   RO          407    .text.SysTick_Config  stm32f1xx_hal_cortex.o
    0x08003aee   0x08003aee   0x00000002   PAD
    0x08003af0   0x08003af0   0x00000008   Code   RO           81    .text.SysTick_Handler  stm32f1xx_it.o
    0x08003af8   0x08003af8   0x00000094   Code   RO           17    .text.SystemClock_Config  main.o
    0x08003b8c   0x08003b8c   0x00000002   Code   RO          925    .text.SystemInit    system_stm32f1xx.o
    0x08003b8e   0x08003b8e   0x00000002   PAD
    0x08003b90   0x08003b90   0x00000010   Code   RO           83    .text.TIM2_IRQHandler  stm32f1xx_it.o
    0x08003ba0   0x08003ba0   0x00000106   Code   RO          593    .text.TIM_Base_SetConfig  stm32f1xx_hal_tim.o
    0x08003ca6   0x08003ca6   0x00000002   PAD
    0x08003ca8   0x08003ca8   0x00000034   Code   RO          779    .text.TIM_ETR_SetConfig  stm32f1xx_hal_tim.o
    0x08003cdc   0x08003cdc   0x0000002a   Code   RO          785    .text.TIM_ITRx_SetConfig  stm32f1xx_hal_tim.o
    0x08003d06   0x08003d06   0x00000002   PAD
    0x08003d08   0x08003d08   0x00000050   Code   RO          783    .text.TIM_TI1_ConfigInputStage  stm32f1xx_hal_tim.o
    0x08003d58   0x08003d58   0x00000052   Code   RO          787    .text.TIM_TI2_ConfigInputStage  stm32f1xx_hal_tim.o
    0x08003daa   0x08003daa   0x00000002   PAD
    0x08003dac   0x08003dac   0x00000146   Code   RO          969    .text.UpdateDisplay  menu.o
    0x08003ef2   0x08003ef2   0x00000002   PAD
    0x08003ef4   0x08003ef4   0x000000c0   Code   RO         1012    .text.UpdateOneDigit  segment.o
    0x08003fb4   0x08003fb4   0x00000004   Code   RO           73    .text.UsageFault_Handler  stm32f1xx_it.o
    0x08003fb8   0x08003fb8   0x00000030   Code   RO          395    .text.__NVIC_EnableIRQ  stm32f1xx_hal_cortex.o
    0x08003fe8   0x08003fe8   0x00000010   Code   RO          387    .text.__NVIC_GetPriorityGrouping  stm32f1xx_hal_cortex.o
    0x08003ff8   0x08003ff8   0x00000042   Code   RO          389    .text.__NVIC_SetPriority  stm32f1xx_hal_cortex.o
    0x0800403a   0x0800403a   0x00000002   PAD
    0x0800403c   0x0800403c   0x0000003c   Code   RO          383    .text.__NVIC_SetPriorityGrouping  stm32f1xx_hal_cortex.o
    0x08004078   0x08004078   0x0000003c   Code   RO           15    .text.main          main.o
    0x080040b4   0x080040b4   0x00000010   Data   RO          930    .rodata.AHBPrescTable  system_stm32f1xx.o
    0x080040c4   0x080040c4   0x00000008   Data   RO          931    .rodata.APBPrescTable  system_stm32f1xx.o
    0x080040cc   0x080040cc   0x00000010   Data   RO          316    .rodata.HAL_RCCEx_GetPeriphCLKFreq.aPLLMULFactorTable  stm32f1xx_hal_rcc_ex.o
    0x080040dc   0x080040dc   0x00000002   Data   RO          317    .rodata.HAL_RCCEx_GetPeriphCLKFreq.aPredivFactorTable  stm32f1xx_hal_rcc_ex.o
    0x080040de   0x080040de   0x00000010   Data   RO          301    .rodata.HAL_RCC_GetSysClockFreq.aPLLMULFactorTable  stm32f1xx_hal_rcc.o
    0x080040ee   0x080040ee   0x00000002   Data   RO          302    .rodata.HAL_RCC_GetSysClockFreq.aPredivFactorTable  stm32f1xx_hal_rcc.o
    0x080040f0   0x080040f0   0x0000006a   Data   RO         1023    .rodata.charTable   segment.o
    0x0800415a   0x0800415a   0x00000015   Data   RO          983    .rodata.str1.1      menu.o
    0x0800416f   0x0800416f   0x00000001   PAD
    0x08004170   0x08004170   0x00000020   Data   RO         1200    Region$$Table       anon$$obj.o


    Execution Region RW_IRAM1 (Exec base: 0x20000000, Load base: 0x08004190, Size: 0x00000750, Max: 0x00005000, ABSOLUTE)

    Exec Addr    Load Addr    Size         Type   Attr      Idx    E Section Name        Object

    0x20000000   0x08004190   0x00000001   Data   RW         1017    .data.GLOBAL_BRIGHTNESS  segment.o
    0x20000001   0x08004191   0x00000003   PAD
    0x20000004   0x08004194   0x00000004   Data   RW         1016    .data.REFRESH_RATE  segment.o
    0x20000008   0x08004198   0x00000004   Data   RW          929    .data.SystemCoreClock  system_stm32f1xx.o
    0x2000000c   0x0800419c   0x00000001   Data   RW          955    .data.dutyValue     clock_manager.o
    0x2000000d   0x0800419d   0x00000001   Data   RW          262    .data.uwTickFreq    stm32f1xx_hal.o
    0x2000000e   0x0800419e   0x00000002   PAD
    0x20000010   0x080041a0   0x00000004   Data   RW          261    .data.uwTickPrio    stm32f1xx_hal.o
    0x20000014   0x080041a4   0x00000004   PAD
    0x20000018        -       0x00000060   Zero   RW         1065    .bss                c_w.l(libspace.o)
    0x20000078        -       0x00000004   Zero   RW          982    .bss.Menu_Process.lastClockUpdate  menu.o
    0x2000007c        -       0x00000004   Zero   RW         1020    .bss.currentDigitTime  segment.o
    0x20000080        -       0x00000001   Zero   RW         1018    .bss.currentPos     segment.o
    0x20000081   0x080041a4   0x00000003   PAD
    0x20000084        -       0x00000004   Zero   RW         1021    .bss.currentPwmThreshold  segment.o
    0x20000088        -       0x00000003   Zero   RW          957    .bss.currentTime    clock_manager.o
    0x2000008b        -       0x00000006   Zero   RW         1022    .bss.displayBuffer  segment.o
    0x20000091   0x080041a4   0x00000003   PAD
    0x20000094        -       0x00000014   Zero   RW           43    .bss.hrtc           rtc.o
    0x200000a8        -       0x00000048   Zero   RW           57    .bss.htim2          tim.o
    0x200000f0        -       0x00000054   Zero   RW          981    .bss.menu           menu.o
    0x20000144        -       0x00000004   Zero   RW         1019    .bss.pwmCounter     segment.o
    0x20000148        -       0x00000003   Zero   RW          956    .bss.rtc_time       clock_manager.o
    0x2000014b   0x080041a4   0x00000001   PAD
    0x2000014c        -       0x00000004   Zero   RW          263    .bss.uwTick         stm32f1xx_hal.o
    0x20000150        -       0x00000200   Zero   RW            2    HEAP                startup_stm32f103xb.o
    0x20000350        -       0x00000400   Zero   RW            1    STACK               startup_stm32f103xb.o


==============================================================================

Image component sizes


      Code (inc. data)   RO Data    RW Data    ZI Data      Debug   Object Name

       386          0          0          1          6       2046   clock_manager.o
       264          0          0          0          0       1528   gpio.o
       390          4          0          0          0       5154   main.o
      3602         38         21          0         88       5067   menu.o
       124          0          0          0         20       2316   rtc.o
      1130          6        106          5         19       3275   segment.o
        64         26        236          0       1536        768   startup_stm32f103xb.o
       188          0          0          5          4       5523   stm32f1xx_hal.o
       482          0          0          0          0       7474   stm32f1xx_hal_cortex.o
       890          0          0          0          0       4178   stm32f1xx_hal_gpio.o
       100          0          0          0          0       1162   stm32f1xx_hal_msp.o
        12          0          0          0          0       3941   stm32f1xx_hal_pwr.o
      2548          0         18          0          0       7374   stm32f1xx_hal_rcc.o
       862          0         18          0          0       3081   stm32f1xx_hal_rcc_ex.o
      2458          0          0          0          0      10275   stm32f1xx_hal_rtc.o
        90          0          0          0          0       4891   stm32f1xx_hal_rtc_ex.o
      1808          0          0          0          0      35453   stm32f1xx_hal_tim.o
       236          0          0          0          0      14995   stm32f1xx_hal_tim_ex.o
        50          0          0          0          0       1077   stm32f1xx_it.o
         2          0         24          4          0       1533   system_stm32f1xx.o
       198          0          0          0         72       5519   tim.o

    ----------------------------------------------------------------------
     15972         74        456         20       1756     126630   Object Totals
         0          0         32          0          0          0   (incl. Generated)
        88          0          1          5         11          0   (incl. Padding)

    ----------------------------------------------------------------------

      Code (inc. data)   RO Data    RW Data    ZI Data      Debug   Library Member Name

         8          0          0          0          0         68   __main.o
         0          0          0          0          0          0   __rtentry.o
        12          0          0          0          0          0   __rtentry2.o
         6          0          0          0          0          0   __rtentry4.o
        52          8          0          0          0          0   __scatter.o
        26          0          0          0          0          0   __scatter_copy.o
        28          0          0          0          0          0   __scatter_zi.o
        18          0          0          0          0         80   exit.o
         6          0          0          0          0        152   heapauxi.o
         0          0          0          0          0          0   indicate_semi.o
         2          0          0          0          0          0   libinit.o
         2          0          0          0          0          0   libinit2.o
         2          0          0          0          0          0   libshutdown.o
         2          0          0          0          0          0   libshutdown2.o
         8          4          0          0         96         68   libspace.o
        78          0          0          0          0         80   rt_memclr_w.o
         2          0          0          0          0          0   rtexit.o
        10          0          0          0          0          0   rtexit2.o
        12          4          0          0          0         68   sys_exit.o
        74          0          0          0          0         80   sys_stackheap_outer.o
         2          0          0          0          0         68   use_no_semi.o

    ----------------------------------------------------------------------
       356         16          0          0         96        664   Library Totals
         6          0          0          0          0          0   (incl. Padding)

    ----------------------------------------------------------------------

      Code (inc. data)   RO Data    RW Data    ZI Data      Debug   Library Name

       350         16          0          0         96        664   c_w.l

    ----------------------------------------------------------------------
       356         16          0          0         96        664   Library Totals

    ----------------------------------------------------------------------

==============================================================================


      Code (inc. data)   RO Data    RW Data    ZI Data      Debug   

     16328         90        456         20       1852     126754   Grand Totals
     16328         90        456         20       1852     126754   ELF Image Totals
     16328         90        456         20          0          0   ROM Totals

==============================================================================

    Total RO  Size (Code + RO Data)                16784 (  16.39kB)
    Total RW  Size (RW Data + ZI Data)              1872 (   1.83kB)
    Total ROM Size (Code + RO Data + RW Data)      16804 (  16.41kB)

==============================================================================

